drwxr-xr-x 0/0               0 Dec  6 07:23 1987 sys/
drwxr-xr-x 0/10              0 Nov  4 17:30 1995 sys/pdpuba/
lrwxr-x--x 0/10              0 Oct 31 15:43 1995 sys/pdpuba/tags -> ../sys/tags
-r--r--r-- 0/10           1675 Aug 27 16:01 1989 sys/pdpuba/dmreg.h
-rw-r--r-- 0/10           9801 Jan  3 18:29 1993 sys/pdpuba/ht.c
-r--r--r-- 0/10          14277 Dec  1 16:49 1994 sys/pdpuba/dhu.c
-rw-r--r-- 0/0            9022 Jul 21 12:48 1995 sys/pdpuba/hpreg.h
-r--r--r-- 0/10          14677 Dec 16 15:21 1994 sys/pdpuba/dh.c
-r--r--r-- 0/0           26819 Aug 22 14:08 1995 sys/pdpuba/xp.c
-r--r--r-- 0/10            682 Jan 11 13:48 1987 sys/pdpuba/pdma.h
-rw-r--r-- 0/10          17449 Nov 27 12:34 1994 sys/pdpuba/ts.c
-r--r--r-- 0/10           1691 Jan 11 09:25 1987 sys/pdpuba/dhreg.h
-r--r--r-- 0/10           7668 Jan  3 18:29 1993 sys/pdpuba/rx.c
-r--r--r-- 0/10           3146 Jan  3 18:13 1993 sys/pdpuba/rk.c
-r--r--r-- 0/10            788 Apr 30 13:05 1988 sys/pdpuba/dkbad.c
-rw-r--r-- 0/10          14496 Jan  3 18:29 1993 sys/pdpuba/tm.c
-r--r--r-- 0/10           4871 Jan 13 09:56 1987 sys/pdpuba/dhureg.h
-r--r--r-- 0/10           8248 Dec  1 16:34 1994 sys/pdpuba/dr.c
-r--r--r-- 0/10           5514 Nov 30 17:10 1994 sys/pdpuba/lp.c
-r--r--r-- 0/10           2967 Jan  9 20:56 1987 sys/pdpuba/drreg.h
-r--r--r-- 0/10          11777 Dec  1 16:50 1994 sys/pdpuba/dz.c
-r--r--r-- 0/10           2492 Jan 11 13:12 1987 sys/pdpuba/dzreg.h
-r--r--r-- 0/10          18525 Aug  2 13:43 1995 sys/pdpuba/rl.c
-r--r--r-- 0/10          15742 Apr 14 15:33 1995 sys/pdpuba/hk.c
-r--r--r-- 0/10           5131 Oct 24 11:00 1990 sys/pdpuba/hkreg.h
-r--r--r-- 0/10           7337 Jan  9 20:57 1987 sys/pdpuba/htreg.h
-r--r--r-- 0/10           4280 Aug 19 04:06 1987 sys/pdpuba/rxreg.h
-rw-r--r-- 0/10          37921 Oct 31 14:48 1995 sys/pdpuba/ra.c
-r--r--r-- 0/10            668 Nov 20 17:23 1992 sys/pdpuba/rareg.h
-r--r--r-- 0/10           9925 Apr 14 16:15 1995 sys/pdpuba/si.c
-r--r--r-- 0/10           2925 Jan  9 20:58 1987 sys/pdpuba/rkreg.h
-r--r--r-- 0/10           3030 Apr 25 13:44 1991 sys/pdpuba/rlreg.h
-r--r--r-- 0/10           1889 Jan  9 20:58 1987 sys/pdpuba/sireg.h
-r--r--r-- 0/10           2544 Aug 19 09:20 1988 sys/pdpuba/tmreg.h
-r--r--r-- 0/10           6262 Jan  9 20:58 1987 sys/pdpuba/tsreg.h
-r--r--r-- 0/10           1878 Sep  2 12:50 1987 sys/pdpuba/ubavar.h
-rw-r--r-- 0/10          10654 Apr 14 16:12 1995 sys/pdpuba/br.c
-rw-r--r-- 0/10          16756 Dec  1 16:49 1994 sys/pdpuba/dhv.c
-rw-r--r-- 3/10           4804 Sep  2 07:14 1988 sys/pdpuba/dhvreg.h
-r--r--r-- 0/10            730 Dec 31 09:07 1987 sys/pdpuba/dnreg.h
-r--r--r-- 0/10           1712 Dec  1 16:33 1994 sys/pdpuba/dn.c
-r--r--r-- 0/10           2931 Aug 27 07:27 1988 sys/pdpuba/brreg.h
-r--r--r-- 0/10           3097 Aug 15 06:13 1990 sys/pdpuba/tmscpreg.h
-rw-r--r-- 0/10          51098 Dec 10 18:10 1994 sys/pdpuba/tmscp.c
drwxr-xr-x 0/10              0 Feb  4 16:22 1987 sys/bootrom/
-r--r--r-- 0/10           1500 Nov 12 17:02 1985 sys/bootrom/siboot.s
lrwxr-x--x 0/10              0 Oct 31 15:44 1995 sys/bootrom/tags -> ../sys/tags
drwxr-xr-x 0/10              0 Nov  4 17:33 1995 sys/conf/
drwxr-xr-x 0/10              0 Apr 14 14:57 1994 sys/conf/boot/
-r--r----- 0/10           2147 Apr 20 14:03 1991 sys/conf/boot/dvhpboot.s
-r--r----- 0/10            286 Feb 20 13:47 1987 sys/conf/boot/NONEboot.s
-r--r----- 0/10           2111 Apr 20 14:03 1991 sys/conf/boot/rlboot.s
-r--r----- 0/10           1921 Apr 20 14:03 1991 sys/conf/boot/rmboot.s
-r--r----- 0/10           1733 Apr 20 14:03 1991 sys/conf/boot/sc11boot.s
-r--r----- 0/10           1786 Apr 20 14:03 1991 sys/conf/boot/sc21boot.s
-r--r----- 0/10           2372 Apr 20 14:04 1991 sys/conf/boot/siboot.s
-r--r----- 0/10           4521 Apr 20 14:03 1991 sys/conf/boot/raboot.s
-r--r----- 0/10           2148 Apr 20 14:03 1991 sys/conf/boot/hk6boot.s
-r--r----- 0/10           2151 Apr 20 14:03 1991 sys/conf/boot/hk7boot.s
-r--r----- 0/10           1925 Apr 24 04:26 1991 sys/conf/boot/brboot.s
-rw-r--r-- 0/10            255 Apr  9 16:55 1994 sys/conf/boot/Makefile
-rw-r----- 0/20          10147 Mar 18 15:11 1995 sys/conf/LONEX.ra
-rw-r----- 0/10            466 Dec 24 19:49 1992 sys/conf/ioconf.c
-rw-r----- 0/10           9889 Jul 22 13:53 1995 sys/conf/QT
-rw-rw-r-- 0/10            822 Jul  4 17:02 1988 sys/conf/Make.pdpmba
-rw-r--r-- 3/10            658 Nov 27 12:34 1994 sys/conf/newvers.sh
-r--r----- 0/10            238 Dec 28 05:36 1986 sys/conf/:comm-to-bss
-rw-r--r-- 0/10           6904 May 10 15:06 1995 sys/conf/Make.nsunix
-rw-rw-r-- 0/10           1473 May 22 10:45 1995 sys/conf/Make.pdpnet
-r--r----- 0/10           3813 Jan 19 14:54 1995 sys/conf/param.c
-r-xr-x--x 0/10           6991 Jul 22 13:55 1995 sys/conf/config
-r--r----- 0/10           3865 Jan  2 12:58 1993 sys/conf/README
-rw-r--r-- 0/10           4387 May 12 14:42 1995 sys/conf/Make.sunix
-rw-r--r-- 3/10           9881 Jul 22 13:52 1995 sys/conf/GENERIC
-rw-r--r-- 0/10           4530 Apr 14 14:48 1995 sys/conf/Make.unix
-rw-rw-r-- 0/10           2578 Oct 14 13:49 1992 sys/conf/Make.net
-rw-rw-r-- 0/10           2590 May 22 10:31 1995 sys/conf/Make.pdp
-rw-rw-r-- 0/10           1152 Dec 23 11:16 1991 sys/conf/Make.pdpuba
-rw-rw-r-- 0/10           2568 Apr 14 14:45 1995 sys/conf/Make.sys
-r--r----- 0/10           6859 Aug 29 03:53 1994 sys/conf/checksys.c
-rw-r--r-- 0/10           6811 Jan  7 17:00 1995 sys/conf/netbind.c
drwxr-xr-x 0/10              0 Feb  9 15:03 1994 sys/conf/spl/
-r--r----- 0/10            866 Jan 23 13:11 1994 sys/conf/spl/:splfix.movb
-r--r----- 0/10            640 Jan 23 13:09 1994 sys/conf/spl/:splfix.mtps
-r--r----- 0/10            662 Jan 23 13:09 1994 sys/conf/spl/:splfix.profil
-r--r----- 0/10            596 Jan 23 13:10 1994 sys/conf/spl/:splfix.spl
-r--r----- 0/10            576 Jan 23 13:06 1994 sys/conf/spl/:splfix.mfps
-r--r----- 0/10            803 Jan 23 13:08 1994 sys/conf/spl/:splfix.movb+mfps
drwxr-xr-x 0/10              0 Feb  9 15:03 1994 sys/conf/spl_3com/
-rw-r----- 0/10            866 Jan 23 13:14 1994 sys/conf/spl_3com/:splfix.movb
-rw-r----- 0/10            640 Jan 23 13:15 1994 sys/conf/spl_3com/:splfix.mtps
-rw-r----- 0/10            662 Jan 23 13:15 1994 sys/conf/spl_3com/:splfix.profil
-rw-r----- 0/10            596 Jan 23 13:16 1994 sys/conf/spl_3com/:splfix.spl
-rw-r----- 0/10            576 Jan 23 13:13 1994 sys/conf/spl_3com/:splfix.mfps
-rw-r----- 0/10            803 Jan 23 13:14 1994 sys/conf/spl_3com/:splfix.movb+mfps
-rw-r----- 0/10           9889 Jul 22 13:54 1995 sys/conf/SMS
-rw-r----- 0/10           9888 Jul 22 13:53 1995 sys/conf/NONET
drwxr-xr-x 0/10              0 Nov  4 17:30 1995 sys/sys/
-r--r----- 0/10           2128 Mar 13 13:41 1993 sys/sys/kern_proc.c
-r--r----- 0/10           1401 May  1 09:15 1988 sys/sys/uipc_proto.c
-rw-r----- 0/10          95630 May  4 15:31 1995 sys/sys/tags
-r--r----- 0/10          33843 Dec  9 17:44 1994 sys/sys/tty.c
-r--r----- 0/10           5880 Dec  1 15:05 1994 sys/sys/vm_swp.c
-r--r----- 0/10           9080 May  9 15:38 1995 sys/sys/init_sysent.c
-r--r----- 0/10          11395 Aug 28 09:38 1987 sys/sys/tty_subr.c
-r--r----- 0/10          11540 May 23 13:20 1995 sys/sys/init_main.c
-r--r----- 0/0           35724 Nov 27 18:26 1994 sys/sys/ufs_namei.c
-r--r----- 0/10           5363 Nov 30 17:16 1994 sys/sys/sys_pipe.c
-r--r----- 0/10           8364 Jan 11 16:27 1994 sys/sys/quota_sys.c
-r--r----- 0/10           3566 Nov 27 18:08 1994 sys/sys/kern_acct.c
-r--r----- 0/10           6928 Jan  1 18:28 1994 sys/sys/kern_fork.c
-r--r----- 0/10          16210 May 22 10:04 1995 sys/sys/sys_inode.c
-r--r----- 0/10           8626 Jan  1 18:28 1994 sys/sys/kern_clock.c
-r--r----- 0/10           1221 May  1 09:15 1988 sys/sys/kern_xxx.c
-r--r----- 0/10           7027 Nov 30 14:35 1994 sys/sys/kern_descrip.c
-r--r--r-- 0/10           4388 Dec 30 12:31 1994 sys/sys/ufs_fio.c
-r--r----- 0/10           4535 May  9 15:43 1995 sys/sys/kern_prot.c
-r--r----- 0/10           3755 Mar 11 14:25 1993 sys/sys/vm_swap.c
-r--r----- 0/10           7131 Jan  1 18:28 1994 sys/sys/kern_time.c
-r--r----- 0/10          17322 Nov 29 15:33 1994 sys/sys/ufs_inode.c
-r--r----- 0/10           7264 Feb 15 17:02 1995 sys/sys/kern_exit.c
-r--r----- 0/10           2648 Dec 27 12:08 1992 sys/sys/vm_proc.c
-r--r----- 0/10           6412 Jun 21 03:07 1987 sys/sys/kern_mman.c
-r--r----- 0/10           6966 Dec 29 09:26 1992 sys/sys/subr_rmap.c
-r--r----- 0/10            669 Dec 25 13:17 1992 sys/sys/subr_xxx.c
-r--r----- 0/10           9827 Dec  3 17:24 1994 sys/sys/sys_generic.c
-r--r----- 0/10           2959 Dec 16 15:06 1994 sys/sys/tty_conf.c
-rw-r----- 0/10           5481 Feb 17 14:39 1994 sys/sys/ufs_subr.c
-r--r--r-- 0/20          17716 Nov 27 18:16 1994 sys/sys/kern_sig.c
-r--r----- 0/10           4450 Nov 29 15:18 1994 sys/sys/kern_subr.c
-r--r----- 0/10           9378 Mar 13 12:49 1993 sys/sys/kern_synch.c
-r--r----- 0/10           7195 May 25 07:40 1990 sys/sys/subr_prf.c
-r--r----- 0/10           6289 Jan 12 15:07 1995 sys/sys/ufs_alloc.c
-r--r----- 0/10           7897 Mar 13 12:50 1993 sys/sys/vm_sched.c
-r--r----- 0/10           5633 May  9 15:35 1995 sys/sys/syscalls.c
-rw-r----- 0/10          10579 Jan  3 19:45 1993 sys/sys/ufs_bio.c
-r--r----- 0/10          12404 Dec  9 15:21 1994 sys/sys/tty_pty.c
-rw-r----- 0/10           8355 Nov 27 18:30 1994 sys/sys/vm_text.c
-r--r----- 0/10           7642 Dec  1 16:43 1994 sys/sys/tty_tb.c
-r--r----- 0/10           4646 May 22 10:18 1995 sys/sys/ufs_mount.c
-r--r----- 0/10           3185 Apr  8 20:03 1990 sys/sys/ufs_bmap.c
-r--r----- 0/10           1428 Nov 30 15:35 1994 sys/sys/tty_tty.c
-r--r----- 0/10           1796 Aug 20 07:11 1987 sys/sys/ufs_dsort.c
-r--r----- 0/10           4120 Jul  6 09:18 1988 sys/sys/sys_process.c
-r--r----- 0/10           8176 Dec 25 11:35 1992 sys/sys/uipc_mbuf.c
-r--r----- 0/0           30594 Dec  8 17:15 1994 sys/sys/ufs_syscalls.c
-r--r----- 0/10          19941 Nov 27 18:51 1994 sys/sys/uipc_socket.c
-r--r----- 0/10          15249 May  1 09:14 1988 sys/sys/uipc_socket2.c
-r--r----- 0/10           4054 Oct 10 16:19 1995 sys/sys/uipc_domain.c
-r--r----- 0/10           2779 Dec 25 11:38 1992 sys/sys/sys_socket.c
-r--r----- 0/10          14708 Jan 11 16:28 1994 sys/sys/uipc_usrreq.c
-r--r----- 0/10          17660 Nov 27 18:20 1994 sys/sys/quota_kern.c
-rw-r----- 0/10           9310 Oct 10 16:03 1995 sys/sys/sys_net.c
-r--r----- 0/10           2711 Mar 12 14:12 1993 sys/sys/quota_subr.c
-r--r----- 0/10           5913 Jan 11 16:29 1994 sys/sys/quota_ufs.c
-r--r----- 0/10           3028 Jan  3 19:55 1993 sys/sys/sys_kern.c
-r--r----- 0/10           3806 Dec  1 17:05 1994 sys/sys/subr_log.c
-r--r----- 0/10           5461 Mar 11 17:08 1993 sys/sys/kern_resource.c
-r--r----- 0/10          15774 Dec  3 18:21 1994 sys/sys/uipc_syscalls.c
-rw-r----- 0/10          13212 Jan 14 15:23 1995 sys/sys/kern_exec.c
-rw-r--r-- 0/10           6461 Feb 21 16:57 1995 sys/sys/ingreslock.c
-rw-r--r-- 0/10          23997 Oct 29 18:08 1995 sys/sys/kern_sysctl.c
-rw-r--r-- 0/10          10499 Jun 17 13:28 1995 sys/sys/ufs_disksubr.c
drwxr-xr-x 0/10              0 Feb  9 15:03 1994 sys/net/
lrwxr-x--x 0/10              0 Oct 31 15:45 1995 sys/net/tags -> ../sys/tags
-r--r--r-- 10/0           1667 Apr 28 02:13 1988 sys/net/af.c
-r--r--r-- 10/0           1110 Apr 28 02:14 1988 sys/net/af.h
-r--r--r-- 10/0           7749 May  3 04:43 1988 sys/net/if.c
-r--r--r-- 10/0           2944 Apr 29 08:35 1988 sys/net/if_loop.c
-r--r--r-- 10/0           8061 Apr 29 01:52 1988 sys/net/route.c
-r--r--r-- 10/0           3220 Apr 29 01:49 1988 sys/net/raw_cb.c
-r--r--r-- 10/0           6441 Apr 29 01:50 1988 sys/net/raw_usrreq.c
-r--r--r-- 10/0           7649 Jan 11 16:30 1994 sys/net/if.h
-r--r--r-- 10/0           1886 Apr 28 02:43 1988 sys/net/raw_cb.h
-r--r--r-- 10/0           2720 Apr 28 02:48 1988 sys/net/route.h
-r--r--r-- 10/0           2176 Apr 28 02:25 1988 sys/net/if_arp.h
-r--r----- 10/0          11969 Sep 28 07:03 1988 sys/net/if_sl.c
-r--r--r-- 0/0            1637 Apr 30 14:37 1988 sys/net/netisr.h
drwxr-xr-x 0/10              0 Oct 29 14:38 1995 sys/h/
-r--r--r-- 0/10           1326 Feb 23 09:03 1992 sys/h/acct.h
-r--r--r-- 0/20           2635 Dec 21 07:46 1994 sys/h/uio.h
-r--r--r-- 0/10           5563 Apr 14 14:17 1995 sys/h/buf.h
-r--r--r-- 0/10           1070 Apr 30 14:34 1988 sys/h/callout.h
-r--r--r-- 0/10           1329 Dec 24 15:17 1992 sys/h/conf.h
-r--r--r-- 0/20           4413 Dec  8 16:01 1994 sys/h/tty.h
-r--r--r-- 0/10           1998 Aug 23 10:28 1987 sys/h/dkbad.h
-rw-rw-r-- 0/10            334 Feb 15 15:52 1995 sys/h/localopts.h
-r--r--r-- 0/10            701 Apr 30 14:34 1988 sys/h/clist.h
-r--r--r-- 0/10           1607 Jan 21 14:47 1995 sys/h/file.h
-r--r--r-- 0/10           4332 Nov 27 09:58 1994 sys/h/fs.h
-r--r--r-- 0/10           4562 Nov 27 16:25 1994 sys/h/errno.h
-r--r--r-- 0/10            822 May 17 04:29 1987 sys/h/ttydev.h
-r--r--r-- 0/10           3318 Nov  5 18:54 1994 sys/h/dir.h
-r--r--r-- 0/10          11656 May 22 06:38 1995 sys/h/ioctl.h
-r--r--r-- 0/10           1465 Jan  3 19:44 1993 sys/h/map.h
-r--r--r-- 0/0            6063 Jan 11 16:31 1994 sys/h/mbuf.h
-r--r--r-- 0/10           1020 Nov 27 09:57 1994 sys/h/mount.h
-r--r--r-- 0/10           2332 May 11 14:09 1991 sys/h/mtio.h
-r--r--r-- 0/10           2833 Jun  1 06:48 1990 sys/h/namei.h
-r--r--r-- 0/10           3300 Jan  1 18:42 1994 sys/h/param.h
-r--r--r-- 0/10           4826 Jan 21 14:47 1995 sys/h/proc.h
-r--r--r-- 0/0            7702 Oct 10 14:57 1995 sys/h/protosw.h
-r--r--r-- 0/10           1084 Jun  1 14:29 1987 sys/h/reboot.h
-r--r--r-- 0/10           2546 Jan 21 14:48 1995 sys/h/resource.h
-r--r--r-- 0/10           4598 May 17 04:29 1987 sys/h/signal.h
-r--r--r-- 0/0            5458 Oct 12 13:13 1995 sys/h/socket.h
-r--r--r-- 0/10           2925 Mar 14 15:06 1995 sys/h/stat.h
-rw-r--r-- 0/10           6286 Apr  2 16:08 1995 sys/h/syslog.h
-r--r--r-- 0/10           3347 Jan 21 14:49 1995 sys/h/systm.h
-r--r--r-- 0/10           2108 Jan 21 14:50 1995 sys/h/text.h
-r--r--r-- 0/10           1910 Jan  3 19:43 1993 sys/h/uba.h
-r--r--r-- 0/10           1897 Jan 21 14:50 1995 sys/h/time.h
-r--r--r-- 0/10            380 May 17 04:29 1987 sys/h/timeb.h
-r--r--r-- 0/10           1333 May 17 04:29 1987 sys/h/ttychars.h
-r--r--r-- 0/10           2217 Nov 27 18:09 1994 sys/h/types.h
-r--r--r-- 0/10           5229 Apr  6 14:41 1990 sys/h/user.h
-r--r--r-- 0/10            571 May 18 10:15 1987 sys/h/vm.h
-r--r--r-- 0/10           2632 Jun 24 13:42 1995 sys/h/wait.h
-r--r--r-- 0/10            646 Mar 13 12:47 1993 sys/h/kernel.h
-r--r--r-- 0/10            837 May 17 04:29 1987 sys/h/ptrace.h
-r--r--r-- 0/10           1175 Aug 23 02:34 1988 sys/h/dk.h
-r--r--r-- 0/10            466 May 17 04:29 1987 sys/h/times.h
-r--r--r-- 0/10            374 May 17 04:29 1987 sys/h/vmmac.h
-r--r--r-- 0/10           1260 Jan  8 15:35 1994 sys/h/exec.h
-r--r--r-- 0/10            471 Aug  8 14:57 1989 sys/h/msgbuf.h
-r--r--r-- 0/0             981 Jul  5 04:50 1988 sys/h/domain.h
-r--r--r-- 0/10           2228 May 17 04:29 1987 sys/h/gprof.h
-r--r--r-- 0/0            5429 Jan 11 16:31 1994 sys/h/socketvar.h
-r--r--r-- 0/10           2121 May 17 04:29 1987 sys/h/tablet.h
-r--r--r-- 0/0             745 Apr 28 02:11 1988 sys/h/un.h
-r--r--r-- 0/0            2182 Apr 28 02:12 1988 sys/h/unpcb.h
-r--r--r-- 0/10            466 Aug 12 04:28 1987 sys/h/vcmd.h
-r--r--r-- 0/10           2294 Feb  5 17:51 1995 sys/h/utsname.h
-r--r--r-- 0/10           5676 Mar 12 14:04 1993 sys/h/quota.h
lrwxr-x--x 0/10              0 Oct 31 15:45 1995 sys/h/tags -> ../sys/tags
-r--r--r-- 0/10           5162 Jun 16 16:22 1995 sys/h/disk.h
-r--r--r-- 0/10           2405 Apr 30 14:33 1988 sys/h/vmmeter.h
-r--r--r-- 0/10            892 Jan 16 16:14 1995 sys/h/vmsystm.h
-r--r--r-- 0/10            842 Jan 20 14:53 1995 sys/h/vmparam.h
-r--r--r-- 0/10           2864 Jan 29 04:12 1988 sys/h/trace.h
-r--r--r-- 0/10           1616 Sep 27 14:54 1988 sys/h/ttydefaults.h
-r--r--r-- 0/10           9356 Nov 26 18:26 1994 sys/h/inode.h
-rw-r--r-- 0/10          10898 May  4 14:45 1995 sys/h/disklabel.h
-rw-r--r-- 0/10          12372 Jan 20 16:20 1995 sys/h/sysctl.h
-rw-r--r-- 0/10           2428 Feb 21 14:59 1995 sys/h/ingreslock.h
drwxr-xr-x 0/10              0 Feb  9 15:04 1994 sys/netimp/
-r--r--r-- 0/10           5563 Jun 21 06:05 1987 sys/netimp/if_imp.h
-r--r----- 0/10           2521 Apr 12 09:10 1990 sys/netimp/if_imphost.h
-r--r--r-- 0/10          17998 Jan  1 18:43 1994 sys/netimp/if_imp.c
-r--r--r-- 0/10           4556 Apr 12 04:01 1990 sys/netimp/if_imphost.c
-r--r--r-- 0/10           2537 Jan 27 02:40 1988 sys/netimp/raw_imp.c
lrwxr-x--x 0/10              0 Oct 31 15:46 1995 sys/netimp/tags -> ../sys/tags
drwxr-xr-x 0/10              0 Dec 24 19:08 1994 sys/autoconfig/
-rw-r----- 0/10           1735 Dec 24 19:08 1994 sys/autoconfig/tags
-rw-r----- 0/10           1321 Dec 23 10:58 1991 sys/autoconfig/Makefile
-rw-r----- 0/10           3884 Jan 11 15:38 1994 sys/autoconfig/attach.c
-rw-r----- 0/10           8583 Jan 16 06:11 1994 sys/autoconfig/do_config.c
-rw-r----- 0/10           1160 Nov 20 16:45 1992 sys/autoconfig/dtab.h
-rw-r----- 0/10            506 Dec 31 12:10 1992 sys/autoconfig/ivec.h
-rw-r----- 0/10           1945 Feb 27 21:13 1987 sys/autoconfig/main.c
-rw-r----- 0/10           3137 Jan 11 15:38 1994 sys/autoconfig/read_dtab.c
-rw-r----- 0/10           3981 Jan 16 06:01 1994 sys/autoconfig/read_nlist.c
-rw-r----- 0/10            313 Feb 27 21:13 1987 sys/autoconfig/uprobe.h
-rw-r----- 0/10           1947 Jun 17 13:22 1993 sys/autoconfig/uprobe.c
-rw-r----- 0/10            440 Dec 31 12:48 1992 sys/autoconfig/brauto.c
-rw-r----- 0/10            962 Dec 31 12:49 1992 sys/autoconfig/dhauto.c
-rw-r----- 0/10            469 Dec 31 12:50 1992 sys/autoconfig/dhuauto.c
-rw-r----- 0/10            296 Dec 31 12:50 1992 sys/autoconfig/dnauto.c
-rw-r----- 0/10            567 Dec 31 12:51 1992 sys/autoconfig/drauto.c
-rw-r----- 0/10            587 Dec 31 12:51 1992 sys/autoconfig/dzauto.c
-rw-r----- 0/10            531 Dec 31 12:52 1992 sys/autoconfig/hkauto.c
-rw-r----- 0/10            964 Dec 31 12:52 1992 sys/autoconfig/htauto.c
-rw-r----- 0/10            645 Dec 31 12:53 1992 sys/autoconfig/lpauto.c
-rw-r----- 0/10            655 Dec 31 12:55 1992 sys/autoconfig/raauto.c
-rw-r----- 0/10            532 Dec 31 12:56 1992 sys/autoconfig/rkauto.c
-rw-r----- 0/10            587 Dec 31 12:56 1992 sys/autoconfig/rlauto.c
-rw-r----- 0/10            550 Dec 31 12:57 1992 sys/autoconfig/rxauto.c
-rw-r----- 0/10            555 Dec 31 12:57 1992 sys/autoconfig/siauto.c
-rw-r----- 0/10            591 Dec 31 12:58 1992 sys/autoconfig/tmauto.c
-rw-r----- 0/10            792 Dec 31 13:00 1992 sys/autoconfig/tmsauto.c
-rw-r----- 0/10           1077 Dec 31 13:00 1992 sys/autoconfig/tsauto.c
-rw-r----- 0/10            681 Dec 31 13:01 1992 sys/autoconfig/xpauto.c
-rw-r----- 0/10            584 Dec 31 12:49 1992 sys/autoconfig/cnauto.c
-rw-r----- 3/10            701 Dec 31 12:50 1992 sys/autoconfig/dhvauto.c
drwxr-xr-x 0/10              0 Feb  9 15:04 1994 sys/netns/
lrwxr-x--x 0/10              0 Oct 31 15:46 1995 sys/netns/tags -> ../sys/tags
-r--r--r-- 10/0           6391 Apr 29 09:33 1988 sys/netns/ns_error.c
-r--r--r-- 10/0           6907 Apr 29 09:32 1988 sys/netns/ns.c
-r--r--r-- 10/0           3230 Jan  1 16:56 1994 sys/netns/ns.h
-r--r--r-- 10/0            971 Apr 28 09:35 1988 sys/netns/idp.h
-r--r--r-- 10/0            931 Sep 28 07:41 1988 sys/netns/idp_var.h
-r--r--r-- 10/0           2595 Apr 28 09:55 1988 sys/netns/ns_error.h
-r--r--r-- 10/0           1836 Apr 28 09:55 1988 sys/netns/ns_if.h
-r--r--r-- 10/0          10743 Apr 29 09:33 1988 sys/netns/ns_input.c
-r--r--r-- 10/0           3290 Apr 29 09:33 1988 sys/netns/spp_debug.c
-r--r--r-- 10/0           2037 Apr 29 09:33 1988 sys/netns/ns_proto.c
-r--r--r-- 10/0           1155 Apr 28 10:04 1988 sys/netns/sp.h
-r--r--r-- 10/0           1233 Apr 28 10:04 1988 sys/netns/spidp.h
-r--r--r-- 10/0            994 Apr 28 10:07 1988 sys/netns/spp_debug.h
-r--r--r-- 10/0           7534 Jan 11 16:32 1994 sys/netns/spp_var.h
-r--r--r-- 10/0           8917 Apr 29 09:33 1988 sys/netns/ns_ip.c
-r--r--r-- 10/0          10709 Apr 29 09:32 1988 sys/netns/idp_usrreq.c
-r--r--r-- 10/0           1879 Apr 28 10:02 1988 sys/netns/ns_pcb.h
-r--r--r-- 10/0           7654 Apr 29 09:33 1988 sys/netns/ns_pcb.c
-r--r--r-- 10/0           2997 Apr 29 09:33 1988 sys/netns/ns_output.c
-r--r--r-- 10/0          40375 Apr 29 09:34 1988 sys/netns/spp_usrreq.c
-rw-r----- 10/0           3962 Apr 28 10:08 1988 sys/netns/spp_timer.h
drwxr-xr-x 0/10              0 Aug 23 13:41 1995 sys/pdp/
-r--r----- 0/10          11647 Jul 25 14:46 1995 sys/pdp/conf.c
-r--r--r-- 0/10           1362 Jan 28 01:43 1988 sys/pdp/psl.h
-r--r--r-- 0/10            494 Jan  9 20:45 1987 sys/pdp/reg.h
-r--r--r-- 0/10           1266 May  1 12:54 1988 sys/pdp/trap.h
-r--r--r-- 0/10            360 Jan  9 20:44 1987 sys/pdp/fperr.h
-r--r--r-- 0/10           2335 Jan  9 20:44 1987 sys/pdp/koverlay.h
-r--r--r-- 0/10            956 Feb 25 13:20 1987 sys/pdp/autoconfig.h
-r--r--r-- 0/10           8488 Mar 16 16:53 1987 sys/pdp/mscp.h
-r--r--r-- 0/10           4963 Jan  2 11:20 1993 sys/pdp/seg.h
-r--r--r-- 0/10            841 Dec 27 12:29 1992 sys/pdp/iopage.h
-rw-r--r-- 3/10           2113 Dec 27 12:30 1992 sys/pdp/DEFS.h
-r--r--r-- 0/10            787 Jan 14 20:07 1995 sys/pdp/cpu.h
-r--r----- 0/10           9116 Jan  2 11:19 1993 sys/pdp/scb.s
-r--r--r-- 0/10            808 Jan  9 20:44 1987 sys/pdp/enable34.h
-r--r--r-- 0/10           4408 Jun  7 05:18 1993 sys/pdp/machparam.h
-r--r--r-- 0/10            828 Jan  9 20:43 1987 sys/pdp/clock.h
lrwxr-x--x 0/10              0 Oct 31 15:46 1995 sys/pdp/tags -> ../sys/tags
-r--r----- 0/10          10585 Nov 27 10:05 1994 sys/pdp/trap.c
-r--r----- 0/10           3808 Jan 18 03:36 1988 sys/pdp/enable34.c
-rw-r----- 0/10           6229 Jan  3 19:42 1993 sys/pdp/machdep.c
-r--r----- 0/10           6138 Dec 27 12:14 1992 sys/pdp/mch_backup.s
-r--r----- 0/10           7243 Mar 17 12:42 1993 sys/pdp/mch_click.s
-r--r----- 0/10            922 Feb 26 19:33 1987 sys/pdp/clock.c
-r--r----- 0/10           2851 Dec 27 16:48 1992 sys/pdp/genassym.c
-r--r----- 0/10           2201 Nov 30 16:54 1994 sys/pdp/mem.c
-r--r----- 0/10          15626 Jan 10 09:01 1994 sys/pdp/mch_copy.s
-r--r----- 0/10            796 Feb 25 08:50 1987 sys/pdp/libc_ffs.s
-r--r----- 0/10           4140 Dec  1 17:01 1994 sys/pdp/cons.c
-r--r--r-- 0/10           1863 Jan  9 20:43 1987 sys/pdp/cons.h
-r--r--r-- 0/10            548 Feb 19 17:51 1987 sys/pdp/frame.h
-r--r----- 0/10           1735 May  1 12:08 1988 sys/pdp/in_cksum.c
-r--r--r-- 0/10            710 May 16 11:31 1987 sys/pdp/vmparam.h
-rw-r--r-- 0/0           10770 May  4 13:33 1995 sys/pdp/machdep2.c
-r--r----- 0/10           3605 Jul  5 05:40 1988 sys/pdp/kern_pdp.c
-r--r----- 0/10           1341 Feb 20 15:53 1985 sys/pdp/cksum-fix
-r--r--r-- 0/10            303 Dec 27 12:49 1992 sys/pdp/mch_cpu.h
-r--r--r-- 0/10          10076 Dec 25 12:14 1992 sys/pdp/mch_dump.s
-r--r----- 0/10           2588 May  1 12:34 1988 sys/pdp/mch_dzpdma.s
-r--r----- 0/10           4971 Jul  5 06:06 1988 sys/pdp/mch_iopage.h
-rw-r----- 0/10           5390 Jul 23 07:16 1992 sys/pdp/toy.s
-r--r----- 0/10           1944 Dec 25 12:15 1992 sys/pdp/mch_profile.s
-r--r----- 0/10           5223 Aug 24 12:16 1993 sys/pdp/mch_start.s
-rw-r----- 0/10           9194 Jan 10 09:02 1994 sys/pdp/mch_trap.s
-r--r----- 0/10           1134 Aug 24 12:08 1993 sys/pdp/mch_vars.s
-rw-r----- 0/10          16461 Dec 16 15:20 1994 sys/pdp/mch_xxx.s
-r--r--r-- 0/10           1187 Jan 29 02:24 1987 sys/pdp/libc_udiv.s
-r--r----- 0/10           2252 Feb 25 08:50 1987 sys/pdp/libc_bcmp.s
-r--r----- 0/10           3781 Aug 22 13:17 1987 sys/pdp/libc_bcopy.s
-r--r----- 0/10           1817 Aug 22 13:21 1987 sys/pdp/libc_bzero.s
-r--r----- 0/10            802 Feb 25 08:50 1987 sys/pdp/libc_insque.s
-r--r----- 0/10            689 Feb 25 08:50 1987 sys/pdp/libc_remque.s
-r--r----- 0/10           3344 Aug 22 07:50 1987 sys/pdp/ram.c
-r--r----- 0/10            531 Feb 25 08:50 1987 sys/pdp/libc_strlen.s
-r--r--r-- 0/10           5949 Dec 27 12:16 1992 sys/pdp/libc_ldiv.s
-r--r--r-- 0/10           1081 Jan 29 02:24 1987 sys/pdp/libc_lmul.s
-r--r--r-- 0/10           5355 Dec 27 12:13 1992 sys/pdp/libc_lrem.s
-r--r----- 0/10            782 Feb 25 08:51 1987 sys/pdp/libc_htonl.s
-r--r----- 0/10            739 Feb 25 08:51 1987 sys/pdp/libc_htons.s
-r--r----- 0/10           5893 Jan  3 19:56 1993 sys/pdp/net_mac.h
-r--r----- 0/10           4232 Jul  5 05:50 1988 sys/pdp/mch_KScall.s
-r--r----- 0/10           5844 May  7 07:31 1988 sys/pdp/net_SKcall.s
-r--r----- 0/10           2838 Jan 18 13:58 1990 sys/pdp/net_trap.s
-r--r----- 0/10           2612 Jan 13 15:32 1995 sys/pdp/net_xxx.s
-r--r----- 0/10           8013 May  2 09:15 1988 sys/pdp/net_copy.s
-rw-r--r-- 0/10           3321 Mar 17 11:53 1993 sys/pdp/net_mbuf.s
-r--r----- 0/10           1020 Oct 14 14:03 1992 sys/pdp/net_scb.s
-r--r--r-- 0/10           9854 Dec 25 12:13 1992 sys/pdp/mch_csv.s
-r--r--r-- 0/10              0 Dec 25 12:13 1992 sys/pdp/net_csv.s link to sys/pdp/mch_csv.s
-rw-r--r-- 3/10          21699 Dec 27 18:38 1992 sys/pdp/mch_fpsim.s
-r--r--r-- 0/10          11411 Jun 19 09:27 1990 sys/pdp/tmscp.h
-r--r--r-- 0/10           1575 Jun  7 13:47 1993 sys/pdp/libc_ulsh.s
-r--r--r-- 0/10           4449 Jun  7 13:47 1993 sys/pdp/libc_uldiv.s
-rw-r--r-- 0/10           1720 Jan 23 11:21 1994 sys/pdp/symbols.raw
-rw-r--r-- 0/10            848 Jan 23 11:27 1994 sys/pdp/symbols.sort
drwxr-xr-x 0/0               0 Jul 13 12:54 1995 sys/mdec/
-rw-r--r-- 0/0            5099 Jun  1 12:55 1995 sys/mdec/rm05uboot.s
-rw-r--r-- 0/0            5080 Jun  1 12:54 1995 sys/mdec/hpuboot.s
-rw-r--r-- 0/0            4970 Jun  1 12:54 1995 sys/mdec/rkuboot.s
-rw-r--r-- 0/0            6278 Jun  1 12:55 1995 sys/mdec/rluboot.s
-rw-r--r-- 0/0            5128 Jun  1 12:55 1995 sys/mdec/si51uboot.s
-rw-r--r-- 0/10           5470 Jun  1 12:54 1995 sys/mdec/hkuboot.s
-rw-r--r-- 0/0             853 Apr  9 16:57 1994 sys/mdec/Makefile
-rw-r--r-- 0/0            5024 Jun  1 12:54 1995 sys/mdec/dvhpuboot.s
-rw-r--r-- 0/0            5132 Jun  1 12:55 1995 sys/mdec/si94uboot.s
-rw-r--r-- 0/10           7342 Jun  1 12:54 1995 sys/mdec/rauboot.s
-rw-r--r-- 0/0            5099 Jun  1 12:55 1995 sys/mdec/rm03uboot.s
-rw-r--r-- 0/0            5747 Jun  1 12:55 1995 sys/mdec/si95uboot.s
-rw-r----- 0/0            5587 Jun  1 12:54 1995 sys/mdec/bruboot.s
-rw-r--r-- 0/0            1185 Mar 11 09:13 1992 sys/mdec/boilerplate
drwxr-xr-x 0/10              0 Oct 29 14:38 1995 sys/netinet/
-r--r--r-- 0/0            2607 Apr 28 03:05 1988 sys/netinet/if_ether.h
-r--r--r-- 0/0            4529 Oct 10 15:16 1995 sys/netinet/in.h
-r--r--r-- 0/0            1583 Apr 28 03:28 1988 sys/netinet/in_pcb.h
-r--r--r-- 0/0            1217 Jan 11 16:33 1994 sys/netinet/in_systm.h
-r--r--r-- 0/0            4630 Oct 10 15:51 1995 sys/netinet/ip.h
-r--r--r-- 0/0            3996 Apr 28 04:09 1988 sys/netinet/ip_icmp.h
-r--r--r-- 0/0            3575 Oct 11 15:30 1995 sys/netinet/ip_var.h
-r--r--r-- 0/0            2417 Apr 29 09:03 1988 sys/netinet/tcp.h
-r--r--r-- 0/0             981 Apr 28 07:52 1988 sys/netinet/tcp_debug.h
-r--r--r-- 0/0            2273 Apr 28 07:53 1988 sys/netinet/tcp_fsm.h
-r--r--r-- 0/0            1346 Apr 28 08:36 1988 sys/netinet/tcp_seq.h
-r--r--r-- 0/0            4427 Oct 12 12:45 1995 sys/netinet/tcp_timer.h
-r--r--r-- 0/0            9133 Dec 25 07:02 1992 sys/netinet/tcp_var.h
-r--r--r-- 0/0            1230 Apr 28 09:22 1988 sys/netinet/tcpip.h
-r--r--r-- 0/0             791 Apr 28 09:22 1988 sys/netinet/udp.h
-r--r--r-- 0/0            1906 Oct 11 15:32 1995 sys/netinet/udp_var.h
-rw-r--r-- 3/10          15096 Jan  6 16:43 1989 sys/netinet/if_ether.c
-r--r----- 0/10          10496 Oct 11 16:03 1995 sys/netinet/in.c
-r--r--r-- 0/0           10619 Feb 21 09:28 1994 sys/netinet/in_pcb.c
-r--r--r-- 0/0           11662 Oct 11 15:45 1995 sys/netinet/ip_icmp.c
-r--r--r-- 0/0           24966 Oct 12 12:51 1995 sys/netinet/ip_input.c
-r--r--r-- 0/0           11444 Apr 29 09:08 1988 sys/netinet/ip_output.c
-rw-r----- 0/10           3907 Jul  8 06:30 1989 sys/netinet/raw_ip.c
-rw-r--r-- 0/0            3083 Oct 12 12:47 1995 sys/netinet/tcp_debug.c
-r--r--r-- 0/0           34999 May  8 07:43 1988 sys/netinet/tcp_input.c
-r--r--r-- 0/0           11901 Oct 11 15:39 1995 sys/netinet/tcp_output.c
-r--r--r-- 0/0            7457 Apr 29 09:25 1988 sys/netinet/tcp_timer.c
-r--r--r-- 0/0           10881 Apr 29 09:26 1988 sys/netinet/tcp_usrreq.c
lrwxr-x--x 0/10              0 Oct 31 15:47 1995 sys/netinet/tags -> ../sys/tags
-r--r--r-- 0/10           7889 Oct 11 15:42 1995 sys/netinet/tcp_subr.c
-r--r--r-- 0/0            9254 Oct 11 15:33 1995 sys/netinet/udp_usrreq.c
-r--r--r-- 0/0            1549 Oct 10 15:20 1995 sys/netinet/icmp_var.h
-r--r--r-- 0/0            3776 Oct 10 16:08 1995 sys/netinet/in_proto.c
-r--r--r-- 0/0            1777 Apr 28 03:34 1988 sys/netinet/in_var.h
lrwxr-x--x 0/0               0 Oct 31 15:47 1995 sys/machine -> pdp
drwxr-xr-x 0/0               0 Nov  4 17:32 1995 sys/pdpstand/
-rw-r--r-- 0/0            7124 Aug  2 15:50 1995 sys/pdpstand/ra.c
-rw-r--r-- 0/10           4463 Jun  8 14:11 1995 sys/pdpstand/Makefile
-r--r--r-- 0/10           3044 Jun  9 12:35 1995 sys/pdpstand/ht.c
-r--r--r-- 0/10           3384 Jun  6 13:29 1995 sys/pdpstand/srt0.s
-rw-r--r-- 0/0            9421 Jun  1 12:54 1995 sys/pdpstand/mtboot.s
-r--r--r-- 0/10           1871 Jun  9 12:36 1995 sys/pdpstand/si.c
-r--r--r-- 0/10           8261 Jun  6 13:26 1995 sys/pdpstand/M.s
drwxr-xr-x 0/10              0 Jan  3 11:00 1993 sys/pdpstand/NEW/
-rw-r--r-- 3/10          24821 Dec 24 18:30 1992 sys/pdpstand/NEW/dskinit.c
-rw-r--r-- 3/10           4158 Jan  6 16:51 1989 sys/pdpstand/NEW/dkbad.c
-rw-r--r-- 3/10          11204 Dec 24 18:30 1992 sys/pdpstand/NEW/bads.c
-rw-r--r-- 3/10          52259 Jan  6 16:53 1989 sys/pdpstand/NEW/rabads.c
-r--r--r-- 0/10          13704 Jun  9 12:31 1995 sys/pdpstand/boot.c
-r--r--r-- 0/10            468 Aug 20 05:00 1988 sys/pdpstand/ubmapset.c
-r--r--r-- 0/10           2158 Jun  9 12:35 1995 sys/pdpstand/hk.c
-r--r--r-- 0/10           3046 Jun  5 05:02 1995 sys/pdpstand/prf.c
-r--r--r-- 0/10           1257 Jun  9 12:36 1995 sys/pdpstand/rk.c
-r--r--r-- 0/10           6235 Aug  2 15:50 1995 sys/pdpstand/rl.c
drwxr-xr-x 0/10              0 Aug 23 02:11 1988 sys/pdpstand/OLD/
-rw-r----- 134/10          650 Jul 26 08:56 1987 sys/pdpstand/OLD/copy.c
-rw-r----- 134/10          663 Jul 26 08:56 1987 sys/pdpstand/OLD/bcopy.c
-rw-r----- 134/10          491 Jan  9 20:53 1987 sys/pdpstand/OLD/cat.c
-rw-r--r-- 0/10          15102 Aug 24 14:20 1995 sys/pdpstand/sys.c
-r--r--r-- 0/10           2479 Jun  9 12:37 1995 sys/pdpstand/tm.c
-r--r--r-- 0/10           3792 Jun  9 12:38 1995 sys/pdpstand/ts.c
-rw-r--r-- 0/0            7121 Aug  2 15:51 1995 sys/pdpstand/xp.c
-rw-r--r-- 0/0            2172 Apr 29 15:56 1991 sys/pdpstand/maketape.c
-r--r--r-- 0/10           1462 Jun  9 12:31 1995 sys/pdpstand/saio.h
-rw-r--r-- 0/10             78 Jun 13 12:27 1995 sys/pdpstand/maketape.data
-r--r--r-- 0/10           2233 Jun  9 12:32 1995 sys/pdpstand/br.c
-r--r--r-- 0/10           4749 Jul 18 14:43 1995 sys/pdpstand/conf.c
-rw-r--r-- 0/10           9316 Jun  9 12:37 1995 sys/pdpstand/tmscp.c
-rw-r--r-- 0/10           1677 Apr 28 17:13 1991 sys/pdpstand/Makefile.vax
-rw-r--r-- 0/0            4250 Aug  2 15:53 1995 sys/pdpstand/label.c
-rw-r--r-- 0/0            9926 Aug 22 13:56 1993 sys/pdpstand/toyset.s
-rw-r----- 0/0           15502 Jul 11 16:10 1995 sys/pdpstand/disklabel.c
-rw-r--r-- 0/0            2458 Jun  9 13:18 1995 sys/pdpstand/displaylab.c
drwxr-xr-x 0/10              0 Dec 25 13:19 1992 sys/OTHERS/
drwxr-xr-x 0/10              0 Dec 17 12:36 1986 sys/OTHERS/dm11/
-r--r--r-- 3/10           2499 Jan 27 05:58 1986 sys/OTHERS/dm11/dhdm.c
-r--r--r-- 3/10            272 Nov  4 10:33 1985 sys/OTHERS/dm11/dhfdm.c
drwxr-xr-x 0/10              0 Dec 17 18:32 1986 sys/OTHERS/cat/
-r--r--r-- 3/10           1083 Dec 17 12:05 1986 sys/OTHERS/cat/cat.c
drwxr-xr-x 0/10              0 Jan 16 16:28 1993 sys/OTHERS/rs03.04/
-r--r--r-- 3/10           2903 Jan  3 18:59 1993 sys/OTHERS/rs03.04/hs.c
-r--r--r-- 3/10           3654 Nov  4 09:54 1985 sys/OTHERS/rs03.04/hsreg.h
drwxr-xr-x 0/10              0 Jan 16 16:28 1993 sys/OTHERS/dvhp/
-r--r--r-- 3/10          10644 Jan  3 18:58 1993 sys/OTHERS/dvhp/dvhp.c
-r--r--r-- 3/10           3031 Jan  9 20:53 1987 sys/OTHERS/dvhp/dvhp_stand.c
drwxr-xr-x 0/10              0 Jan 16 16:28 1993 sys/OTHERS/rp03/
-r--r--r-- 3/10           4091 Jan  3 18:56 1993 sys/OTHERS/rp03/rp.c
-r--r--r-- 3/10           3644 Nov  4 09:54 1985 sys/OTHERS/rp03/rpreg.h
-r--r--r-- 3/10            904 Oct 21 16:44 1986 sys/OTHERS/rp03/rp03.b
-rw-r----- 3/10           4842 Feb 19 17:44 1987 sys/OTHERS/rp03/rpuboot.s
-rw-r----- 3/10           1057 Aug 17 02:10 1988 sys/OTHERS/rp03/rp.pdpstand.c
drwxr-xr-x 0/10              0 Dec 17 12:49 1986 sys/OTHERS/cr11/
-r--r--r-- 3/10           4331 Oct 10 14:31 1985 sys/OTHERS/cr11/cr.c
-r--r--r-- 3/10            772 Aug 24 19:15 1982 sys/OTHERS/cr11/crreg.h
drwxr-xr-x 0/10              0 Dec 17 12:51 1986 sys/OTHERS/dc11/
-r--r--r-- 3/10           5120 Oct 10 14:31 1985 sys/OTHERS/dc11/dc.c
-r--r--r-- 3/10           1821 Oct  8 11:05 1982 sys/OTHERS/dc11/dcreg.h
drwxr-xr-x 0/10              0 Dec 17 12:48 1986 sys/OTHERS/rx11/
-r--r--r-- 3/10          12891 Jun 26 02:59 1986 sys/OTHERS/rx11/rx.c
drwxr-xr-x 0/10              0 Dec 17 09:37 1991 sys/OTHERS/rx02/
drwxr-xr-x 3/10              0 Jan 16 16:28 1993 sys/OTHERS/rx02/#2/
-rw-r----- 3/10           8689 Jan  3 18:55 1993 sys/OTHERS/rx02/#2/rx.c
-rw-r----- 3/10            607 Sep  2 07:14 1988 sys/OTHERS/rx02/#2/rxauto.c
-rw-r----- 3/10           4310 Sep  2 07:14 1988 sys/OTHERS/rx02/#2/rxreg.h
-rw-r----- 3/10            548 Sep  2 07:16 1988 sys/OTHERS/rx02/#2/README
drwxr-xr-x 3/10              0 Jan 16 16:28 1993 sys/OTHERS/rx02/#1/
-r--r----- 3/10           7854 Jan  3 18:54 1993 sys/OTHERS/rx02/#1/rx2.c
-r--r----- 3/10           4034 Oct  3 21:32 1982 sys/OTHERS/rx02/#1/rx2reg.h
drwxr-xr-x 0/10              0 Sep  6 06:12 1987 sys/OTHERS/PRO/
-r--r--r-- 3/10           4891 Sep  6 06:10 1987 sys/OTHERS/PRO/PRO
-r--r--r-- 3/10          13267 Sep  6 06:10 1987 sys/OTHERS/PRO/PRO.diff
drwxr-xr-x 0/10              0 Dec 17 12:58 1986 sys/OTHERS/rc/
-r--r--r-- 3/10           1754 Apr 12 02:48 1990 sys/OTHERS/rc/rc.c
-r--r--r-- 3/10             76 Oct 24 11:17 1982 sys/OTHERS/rc/rcreg.h
lrwxr-x--x 0/10              0 Oct 31 15:48 1995 sys/OTHERS/tags -> ../sys/tags
drwxr-xr-x 0/10              0 Jan 16 16:28 1993 sys/OTHERS/rf11/
-r--r--r-- 3/10           2446 Jan  3 18:53 1993 sys/OTHERS/rf11/rf.c
-r--r--r-- 3/10           2486 Nov  4 09:54 1985 sys/OTHERS/rf11/rfreg.h
drwxr-xr-x 0/10              0 Dec 17 12:55 1986 sys/OTHERS/dj11/
-r--r--r-- 3/10           3097 Oct 10 14:31 1985 sys/OTHERS/dj11/dj.c
-r--r--r-- 3/10           1343 Oct  8 21:54 1982 sys/OTHERS/dj11/djreg.h
drwxr-xr-x 0/10              0 Jan 16 16:28 1993 sys/OTHERS/ml11/
-r--r--r-- 3/10           4546 Jan  3 18:53 1993 sys/OTHERS/ml11/ml.c
-r--r--r-- 3/10           1715 Oct  5 20:09 1982 sys/OTHERS/ml11/mlreg.h
drwxr-xr-x 0/10              0 Feb  2 15:29 1987 sys/OTHERS/packet_driver/
-r--r--r-- 3/10          10330 Aug  6 09:07 1983 sys/OTHERS/packet_driver/pk0.c
-r--r--r-- 3/10           4370 Aug  6 09:07 1983 sys/OTHERS/packet_driver/pk1.c
-r--r--r-- 3/10           4603 Aug 15 03:20 1985 sys/OTHERS/packet_driver/pk2.c
-r--r--r-- 3/10           2524 Aug  6 09:07 1983 sys/OTHERS/packet_driver/pk3.c
-r--r--r-- 3/10           2228 Nov  4 09:54 1985 sys/OTHERS/packet_driver/pack.h
-r--r--r-- 3/10           2948 Nov  4 09:54 1985 sys/OTHERS/packet_driver/pk.h
-r--r--r-- 3/10           2431 Dec 14 09:56 1986 sys/OTHERS/packet_driver/pack.h_#2
drwxr-xr-x 0/10              0 Dec 17 13:01 1986 sys/OTHERS/nap/
-r--r--r-- 3/10            699 Oct 10 14:32 1985 sys/OTHERS/nap/nap.c
drwxr-xr-x 0/10              0 Dec 23 19:25 1994 sys/OTHERS/du11/
-r--r--r-- 3/10          11250 Nov 27 19:01 1994 sys/OTHERS/du11/du.c
-r--r--r-- 3/10           5193 Oct  8 13:57 1982 sys/OTHERS/du11/dureg.h
drwxr-xr-x 0/10              0 Dec 17 13:01 1986 sys/OTHERS/multiplexor/
-r--r--r-- 3/10           4062 Oct 10 14:31 1985 sys/OTHERS/multiplexor/mx1.c
-r--r--r-- 3/10          15778 Apr 12 02:59 1990 sys/OTHERS/multiplexor/mx2.c
drwxr-xr-x 0/10              0 Jan 16 16:28 1993 sys/OTHERS/dv/
-r--r--r-- 3/10           7262 Dec 25 10:12 1992 sys/OTHERS/dv/dv.c
drwxr-xr-x 0/10              0 Dec 17 13:02 1986 sys/OTHERS/fast_timer/
-r--r--r-- 3/10           3656 Oct 10 14:31 1985 sys/OTHERS/fast_timer/ft.c
drwxr-xr-x 0/10              0 Dec 23 19:25 1994 sys/OTHERS/dmc11/
-r--r--r-- 3/10          14734 Nov 27 19:02 1994 sys/OTHERS/dmc11/dmc.c
drwxr-xr-x 0/10              0 Dec 23 19:25 1994 sys/OTHERS/berknet/
-r--r--r-- 3/10           4681 Apr 12 06:32 1990 sys/OTHERS/berknet/bk.c
-r--r--r-- 3/10            519 Nov  3 09:19 1982 sys/OTHERS/berknet/bkmac.h
-r--r--r-- 3/10            263 Dec 17 19:13 1986 sys/OTHERS/berknet/for_tty_conf.c
-r--r--r-- 3/10           4010 Dec 16 15:25 1994 sys/OTHERS/berknet/tty_bk.c
-r--r--r-- 3/10            624 May 20 14:50 1987 sys/OTHERS/berknet/README
-r--r--r-- 3/10            677 Feb  2 07:49 1987 sys/OTHERS/berknet/bkmac.h.43
-r--r--r-- 3/10          18554 May 20 14:49 1987 sys/OTHERS/berknet/berknet_driver
drwxr-xr-x 0/10              0 Dec 20 06:14 1986 sys/OTHERS/interleave/
-r--r--r-- 3/10            527 Dec 17 12:16 1986 sys/OTHERS/interleave/dkleave.c
-r--r--r-- 3/10            113 Dec 20 06:14 1986 sys/OTHERS/interleave/param.h
drwxr-xr-x 0/10              0 Dec 17 09:37 1991 sys/OTHERS/scsi/
-r--r--r-- 3/10            966 Feb 24 14:03 1987 sys/OTHERS/scsi/scsi_locore
-r--r--r-- 3/10           6095 Sep 23 01:56 1991 sys/OTHERS/scsi/scsi.c
-r--r--r-- 3/10           2290 Feb 24 13:43 1987 sys/OTHERS/scsi/scsireg.h
-r--r--r-- 3/10          17559 Dec  1 06:38 1991 sys/OTHERS/README
drwxr-xr-x 0/10              0 Jan 16 16:28 1993 sys/OTHERS/dsd480/
-r--r--r-- 3/10          14564 Jan  3 18:52 1993 sys/OTHERS/dsd480/rx3.c
drwxr-xr-x 0/10              0 Aug 24 15:19 1987 sys/OTHERS/GLUE/
-r--r--r-- 3/10           1964 Dec 17 18:34 1986 sys/OTHERS/GLUE/c.c
-r--r--r-- 3/10           1326 Dec 17 18:49 1986 sys/OTHERS/GLUE/l.s
-r--r--r-- 3/10            216 Dec 21 07:30 1986 sys/OTHERS/GLUE/uprobe.c
drwxr-xr-x 0/10              0 Jan 16 16:28 1993 sys/OTHERS/ht/
-r--r--r-- 3/10          10337 Jan  3 18:50 1993 sys/OTHERS/ht/ht.c
-r--r--r-- 3/10           1543 May 28 14:38 1987 sys/OTHERS/ht/ht_fix
drwxr-xr-x 0/10              0 Dec 31 06:42 1986 sys/OTHERS/ung_bass_dr11w/
-r--r--r-- 3/10          12580 Dec 29 17:37 1986 sys/OTHERS/ung_bass_dr11w/if_un.c
drwxr-xr-x 0/10              0 May 28 14:44 1987 sys/OTHERS/ra/
-r--r--r-- 3/10           3789 May 28 14:40 1987 sys/OTHERS/ra/stand.ra.c
-r--r--r-- 3/10           7233 May 28 14:43 1987 sys/OTHERS/ra/mdec.rauboot.s
-r--rw-r-- 3/10           1393 Sep  7 20:38 1988 sys/OTHERS/acucntrl
drwxr-xr-x 0/10              0 Feb 24 14:02 1987 sys/OTHERS/de11/
-r--r--r-- 3/10           6483 Feb 24 14:02 1987 sys/OTHERS/de11/de.c
-r--r--r-- 3/10            479 Feb 24 14:02 1987 sys/OTHERS/de11/de_locore
-r--r--r-- 3/10           1874 Feb 24 13:57 1987 sys/OTHERS/de11/dereg.h
drwxr-xr-x 0/10              0 Jan 16 16:28 1993 sys/OTHERS/rm02.03.05/
-r--r--r-- 3/10          15885 Jan  3 18:49 1993 sys/OTHERS/rm02.03.05/rm.c
-r--r--r-- 3/10            521 Feb 27 07:23 1987 sys/OTHERS/rm02.03.05/rm_conf.c
-r--r--r-- 3/10            167 Feb 27 07:23 1987 sys/OTHERS/rm02.03.05/rm_scb.s
-r--r--r-- 3/10             52 Feb 27 07:20 1987 sys/OTHERS/rm02.03.05/rm_autoconfig
-r--r--r-- 3/10            168 Feb 27 08:25 1987 sys/OTHERS/rm02.03.05/rm_GENERIC
-r--r--r-- 3/10            254 Feb 27 08:25 1987 sys/OTHERS/rm02.03.05/rm_config
-r--r--r-- 3/10           2954 Jan  9 20:54 1987 sys/OTHERS/rm02.03.05/rm_stand.c
drwxr-xr-x 0/10              0 Jan 16 16:28 1993 sys/OTHERS/rx01/
-r--r--r-- 3/10           7329 Jan  3 18:42 1993 sys/OTHERS/rx01/rx.c
-r--r--r-- 3/10             15 May 29 09:45 1987 sys/OTHERS/rx01/rx.h
-r--r--r-- 3/10            596 May 29 09:45 1987 sys/OTHERS/rx01/rxreg.h
-r--r--r-- 3/10            470 May 29 09:56 1987 sys/OTHERS/rx01/README
drwxr-xr-x 0/10              0 Jan 16 16:28 1993 sys/OTHERS/versatec/
-r--r--r-- 3/10           7187 Jan  3 18:47 1993 sys/OTHERS/versatec/vp.c
-r--r--r-- 3/10            836 Jan 10 21:13 1987 sys/OTHERS/versatec/vpauto.c
-r--r--r-- 3/10            692 Jan  9 20:59 1987 sys/OTHERS/versatec/vpreg.h
-r--r--r-- 3/10             52 Feb 27 07:21 1987 sys/OTHERS/versatec/vp_autoconfig
-r--r--r-- 3/10            272 Feb 27 07:22 1987 sys/OTHERS/versatec/vp_conf.c
-r--r--r-- 3/10            273 Feb 27 07:24 1987 sys/OTHERS/versatec/vp_scb.s
-r--r--r-- 3/10             83 Feb 27 08:25 1987 sys/OTHERS/versatec/vp_GENERIC
-r--r--r-- 3/10            131 Feb 27 08:26 1987 sys/OTHERS/versatec/vp_config
-r--r--r-- 3/10            466 May 17 04:29 1987 sys/OTHERS/versatec/h.vcmd.h
-r--r--r-- 3/10            416 Jan  9 20:58 1987 sys/OTHERS/versatec/pdpuba.vcmd.h
drwxr-xr-x 0/10              0 Jan 16 16:28 1993 sys/OTHERS/rp04.06/
-r--r--r-- 3/10          16154 Jan  3 18:46 1993 sys/OTHERS/rp04.06/hp.c
-r--r--r-- 3/10          11449 Jan  9 20:57 1987 sys/OTHERS/rp04.06/hpreg.h
-r--r--r-- 3/10            178 Feb 27 10:28 1987 sys/OTHERS/rp04.06/hp_config
-r--r--r-- 3/10             39 Feb 27 10:30 1987 sys/OTHERS/rp04.06/hpauto.c
-r--r--r-- 3/10            467 Sep 23 02:28 1991 sys/OTHERS/rp04.06/hp_conf.c
-r--r--r-- 3/10            140 Feb 27 10:27 1987 sys/OTHERS/rp04.06/hp_scb.s
-r--r--r-- 3/10            111 Feb 27 10:28 1987 sys/OTHERS/rp04.06/hp_GENERIC
-r--r--r-- 3/10             47 Feb 27 10:30 1987 sys/OTHERS/rp04.06/hp_autoconfig
drwxr-xr-x 0/10              0 May 28 14:56 1987 sys/OTHERS/dig_anal/
-r--r--r-- 3/10           6165 May 28 14:56 1987 sys/OTHERS/dig_anal/ds.4l
-r--r--r-- 3/10          31354 Apr 12 08:44 1990 sys/OTHERS/dig_anal/ds.c
-r--r--r-- 3/10           6311 May 28 14:56 1987 sys/OTHERS/dig_anal/dsc.h
-r--r--r-- 3/10           2714 May 28 14:56 1987 sys/OTHERS/dig_anal/dsreg.h
drwxr-xr-x 0/10              0 Jan 16 16:28 1993 sys/OTHERS/fuji_160/
-r--r--r-- 3/10            459 May 28 15:11 1987 sys/OTHERS/fuji_160/README
-r--r--r-- 3/10            201 May 28 15:12 1987 sys/OTHERS/fuji_160/xp.h
-r--r--r-- 3/10           4967 Dec 24 19:58 1992 sys/OTHERS/fuji_160/ioconf.c
drwxr-xr-x 0/10              0 May 28 15:12 1987 sys/OTHERS/fuji_160/include/
-r--r--r-- 3/10          11197 May 28 15:12 1987 sys/OTHERS/fuji_160/include/hpreg.h
drwxr-xr-x 0/10              0 Jan 16 16:28 1993 sys/OTHERS/fuji_160/dev/
-r--r--r-- 3/10          17635 Jan  3 18:44 1993 sys/OTHERS/fuji_160/dev/xp.c
drwxr-xr-x 0/10              0 May 28 15:12 1987 sys/OTHERS/fuji_160/libsa/
-r--r--r-- 3/10           4268 May 28 15:12 1987 sys/OTHERS/fuji_160/libsa/xp.c
drwxr-xr-x 0/10              0 Dec 17 09:37 1991 sys/OTHERS/tektronix/
-r--r--r-- 3/10           3999 Sep 23 02:15 1991 sys/OTHERS/tektronix/tektronix
drwxr-xr-x 0/10              0 May 29 09:47 1987 sys/OTHERS/kl/
-r--r--r-- 3/10          11600 May 29 09:47 1987 sys/OTHERS/kl/kl.c
-r--r--r-- 3/10            230 May 29 09:47 1987 sys/OTHERS/kl/kl.h
-r--r--r-- 3/10           1904 May 29 09:47 1987 sys/OTHERS/kl/klreg.h
-r--r--r-- 3/10            701 May 29 09:56 1987 sys/OTHERS/kl/README
drwxr-xr-x 0/10              0 Dec 17 09:37 1991 sys/OTHERS/scsi2/
-r--r--r-- 3/10           9749 Sep 23 02:16 1991 sys/OTHERS/scsi2/xe.c
-r--r--r-- 3/10           3984 May 29 09:45 1987 sys/OTHERS/scsi2/xereg.h
-r--r--r-- 3/10           3796 May 29 09:45 1987 sys/OTHERS/scsi2/xestand.c
-r--r--r-- 3/10           6197 May 29 09:45 1987 sys/OTHERS/scsi2/xeuboot.s
-r--r--r-- 3/10            733 May 29 09:57 1987 sys/OTHERS/scsi2/README
drwxr-xr-x 0/10              0 Dec 17 09:37 1991 sys/OTHERS/ts/
-r--r--r-- 3/10          14494 Sep 23 02:21 1991 sys/OTHERS/ts/ts.c_Q22
-r--r--r-- 3/10           7456 May 29 10:26 1987 sys/OTHERS/ts/ts.c
drwxr-xr-x 3/10              0 Dec 17 09:37 1991 sys/OTHERS/tk/
drwxr-xr-x 3/10              0 Aug 14 07:57 1988 sys/OTHERS/tk/pdpstand/
-r--r----- 3/10           8597 Aug 14 07:57 1988 sys/OTHERS/tk/pdpstand/tk.c
-r--r----- 3/10            770 Aug 14 07:57 1988 sys/OTHERS/tk/pdpstand/tk_saio.h
-r--r----- 3/10           4842 Aug 14 07:57 1988 sys/OTHERS/tk/pdpstand/tkboot.s
drwxr-xr-x 3/10              0 Aug 14 08:05 1988 sys/OTHERS/tk/bin/
-r--r----- 3/10           4010 Aug 14 08:05 1988 sys/OTHERS/tk/bin/tk.c
drwxr-xr-x 3/10              0 Dec 17 09:37 1991 sys/OTHERS/tk/pdpuba/
-r--r----- 3/10          31435 Sep 23 02:22 1991 sys/OTHERS/tk/pdpuba/tk.c
drwxr-xr-x 3/10              0 Aug 14 08:06 1988 sys/OTHERS/tk/4.3BSD/
-r--r----- 3/10          11298 Aug 14 08:02 1988 sys/OTHERS/tk/4.3BSD/tmscp.h
drwxr-xr-x 3/10              0 Mar 13 12:59 1993 sys/OTHERS/18bit_22bit/
-rw-r----- 3/10            978 Sep  2 13:27 1988 sys/OTHERS/18bit_22bit/README
-rw-r----- 3/10           6087 Sep  2 13:25 1988 sys/OTHERS/18bit_22bit/machdep3.c
-rw-r----- 3/10           2848 Sep  2 13:25 1988 sys/OTHERS/18bit_22bit/machdep2.dfc
-rw-r----- 3/10           1018 Dec 25 13:25 1992 sys/OTHERS/18bit_22bit/mch_click.dfc
drwxr-xr-x 3/10              0 Jan 16 16:28 1993 sys/OTHERS/emulex-cs02/
-rw-r----- 3/10           6669 Dec 29 18:34 1992 sys/OTHERS/emulex-cs02/cs02-q22-fixes
drwxr-xr-x 3/10              0 Dec 25 12:49 1988 sys/OTHERS/pdpstand/
-rw-r----- 3/10           2577 Dec 25 12:49 1988 sys/OTHERS/pdpstand/tm-ts-pred
drwxr-xr-x 3/10              0 Dec 28 16:16 1988 sys/OTHERS/EXOS.204/
-rw-r----- 3/10          16255 Nov  3 06:05 1988 sys/OTHERS/EXOS.204/if_ex.c.diffs
drwxr-xr-x 0/10              0 Jan 23 13:55 1995 sys/OTHERS/bad144/
-rw-r----- 0/10          14630 Jan 22 12:40 1995 sys/OTHERS/bad144/bad144.c
-rw-r----- 0/10            488 Jan  1 09:24 1989 sys/OTHERS/bad144/dkio.h
-rw-r----- 0/10          28007 Jan  3 18:40 1993 sys/OTHERS/bad144/xp.c
-rw-r----- 0/10           1101 Jan  1 09:28 1989 sys/OTHERS/bad144/conf.c.diff
drwxr-xr-x 0/10              0 Sep  4 04:58 1987 sys/vaxuba/
-r--r--r-- 0/10           3382 Feb 21 09:34 1987 sys/vaxuba/rxreg.h
lrwxr-x--x 0/10              0 Oct 31 15:49 1995 sys/vaxuba/tags -> ../sys/tags
drwxr-xr-x 0/10              0 May 21 14:51 1995 sys/pdpif/
-r--r--r-- 0/10           1709 Jan  9 21:04 1987 sys/pdpif/if_acc.h
-r--r--r-- 0/10           2166 Jan  9 21:04 1987 sys/pdpif/if_css.h
-r--r--r-- 0/10           5200 Jan  1 18:50 1994 sys/pdpif/if_de.h
-r--r--r-- 0/10           1835 Jan  9 21:05 1987 sys/pdpif/if_dmc.h
-r--r--r-- 0/10            724 Jan  9 21:05 1987 sys/pdpif/if_en.h
-r--r--r-- 0/10           1683 Jan  1 18:50 1994 sys/pdpif/if_il.h
-r--r--r-- 0/10           1453 Jan  9 21:05 1987 sys/pdpif/if_sri.h
-r--r--r-- 0/10           1870 Dec 25 12:20 1992 sys/pdpif/if_uba.h
-r--r--r-- 0/10            724 Jan  9 21:05 1987 sys/pdpif/if_un.h
-r--r--r-- 0/10           3898 Aug 28 15:35 1989 sys/pdpif/if_vv.h
-r--r--r-- 0/10           4284 Jun 21 02:40 1987 sys/pdpif/if_ilreg.h
-r--r--r-- 0/10           5603 Apr 30 13:09 1988 sys/pdpif/if_qereg.h
-r--r--r-- 0/10           9391 May  1 08:27 1990 sys/pdpif/if_acc.c
-r--r--r-- 0/10           9723 May  1 08:26 1990 sys/pdpif/if_css.c
-r--r--r-- 0/10          36572 Jan  1 16:58 1994 sys/pdpif/if_de.c
-r--r--r-- 0/10          21893 Sep  5 07:18 1988 sys/pdpif/if_ec.c
-r--r--r-- 0/10          13527 Jan  1 18:50 1994 sys/pdpif/if_en.c
-rw-r--r-- 3/10          19520 Jan  7 16:40 1995 sys/pdpif/if_il.c
-r--r--r-- 0/10           9496 Sep 10 08:34 1990 sys/pdpif/if_dmc.c
-rw-r--r-- 0/10          24296 May 21 14:00 1995 sys/pdpif/if_qe.c
lrwxr-x--x 0/10              0 Oct 31 15:49 1995 sys/pdpif/tags -> ../sys/tags
-r--r--r-- 0/10           5246 Apr  4 15:13 1993 sys/pdpif/if_uba.c
-rw-r--r-- 0/10          24353 Sep 14 15:30 1989 sys/pdpif/if_vv.c
-r--r--r-- 0/10          11214 May  1 08:31 1990 sys/pdpif/if_sri.c
-r--r--r-- 0/10           2146 Dec 29 07:29 1987 sys/pdpif/if_ecreg.h
-r--r--r-- 0/10          10045 Jan  1 18:51 1994 sys/pdpif/if_dereg.h
-r--r--r-- 0/10           1264 Jun  5 18:35 1986 sys/pdpif/if_enreg.h
-rw-r--r-- 0/0            4907 Feb 27 18:00 1993 sys/pdpif/if_qtreg.h
-rw-r--r-- 0/0           23256 Feb 28 12:43 1993 sys/pdpif/if_qt.c
drwxr-xr-x 0/10              0 May 31 11:19 1987 sys/pdpmba/
lrwxr-x--x 0/10              0 Oct 31 15:49 1995 sys/pdpmba/tags -> ../sys/tags
drwxr-xr-x 0/10              0 Aug 23 13:41 1995 sys/pdpdist/
-rwxr-xr-x 0/10           9500 Jun 18 16:47 1995 sys/pdpdist/MAKEDEV
-rw-r--r-- 3/10             87 Dec 20 05:23 1990 sys/pdpdist/motd
-r--r--r-- 0/10            375 Oct  9 06:44 1990 sys/pdpdist/passwd
-rwxr--r-- 3/10           3720 Dec 25 13:21 1992 sys/pdpdist/rc
-rwxr--r-- 3/10            590 Dec 25 13:22 1992 sys/pdpdist/rc.local
-r--r--r-- 0/10           1578 Aug 28 07:29 1990 sys/pdpdist/services
-r--r--r-- 0/10            141 Sep  1 04:33 1987 sys/pdpdist/shells
-r--r--r-- 0/10             77 Sep  1 04:33 1987 sys/pdpdist/printcap
-r--r--r-- 0/10            806 Aug 28 07:32 1990 sys/pdpdist/ttys
-rw-r--r-- 0/10            383 Sep 22 01:36 1989 sys/pdpdist/syslog.conf
-rw-r--r-- 0/10           1009 May 11 09:43 1989 sys/pdpdist/inetd.conf
-r--r--r-- 0/10            152 Aug 28 07:22 1990 sys/pdpdist/group
-rw-r--r-- 0/20          23290 Aug 19 14:56 1995 sys/pdpdist/disktab
-rw-r--r-- 0/10           2001 Dec 23 11:20 1991 sys/pdpdist/dtab
-rw-r--r-- 0/10           1396 Dec 25 13:21 1992 sys/pdpdist/netstart
drwxrwxr-x 0/0               0 Oct 31 17:05 1995 sys/SMS/
-rw-rw-r-- 0/0             803 Jan 23 13:18 1994 sys/SMS/NETSPLFIX
-rw-rw-r-- 0/0             576 Jan 23 13:19 1994 sys/SMS/SPLFIX
-rw-rw-r-- 0/0            4521 Dec 30 14:41 1992 sys/SMS/boot.s
-rw-rw-r-- 0/0             460 Dec 10 19:32 1994 sys/SMS/ioconf.c
-rw-rw-r-- 0/0            3459 Mar 12 14:03 1993 sys/SMS/param.c
-rw-rw-r-- 0/0              16 Dec 30 14:41 1992 sys/SMS/loop.h
-rw-rw-r-- 0/0              15 Dec 30 14:41 1992 sys/SMS/css.h
-rw-rw-r-- 0/0              14 Dec 30 14:41 1992 sys/SMS/de.h
-rw-rw-r-- 0/0              28 Dec 30 14:41 1992 sys/SMS/dh.h
-rw-rw-r-- 0/0              14 Dec 30 14:41 1992 sys/SMS/dn.h
-rw-rw-r-- 0/0              15 Dec 30 14:41 1992 sys/SMS/dhu.h
-rw-rw-r-- 0/0              15 Dec 30 14:41 1992 sys/SMS/dhv.h
-rw-rw-r-- 0/0              15 Dec 30 14:41 1992 sys/SMS/dmc.h
-rw-rw-r-- 0/0              14 Dec 30 14:41 1992 sys/SMS/dr.h
-rw-rw-r-- 0/0              14 Dec 30 14:41 1992 sys/SMS/dz.h
-rw-rw-r-- 0/0              14 Dec 30 14:41 1992 sys/SMS/ec.h
-rw-rw-r-- 0/0              14 Dec 30 14:42 1992 sys/SMS/en.h
-rw-rw-r-- 0/0              17 Dec 30 14:42 1992 sys/SMS/ether.h
-rw-rw-r-- 0/0              14 Dec 30 14:42 1992 sys/SMS/ht.h
-rw-rw-r-- 0/0              14 Dec 30 14:42 1992 sys/SMS/hy.h
-rw-rw-r-- 0/0              14 Dec 30 14:42 1992 sys/SMS/il.h
-rw-rw-r-- 0/0              15 Dec 30 14:42 1992 sys/SMS/imp.h
-rw-rw-r-- 0/0              14 Dec 30 14:42 1992 sys/SMS/cn.h
-rw-rw-r-- 0/0              36 Dec 30 14:42 1992 sys/SMS/lp.h
-rw-rw-r-- 0/0              16 Dec 30 14:42 1992 sys/SMS/pty.h
-rw-rw-r-- 0/0              14 Dec 30 14:42 1992 sys/SMS/qe.h
-rw-rw-r-- 0/0              14 Dec 30 14:42 1992 sys/SMS/qt.h
-rw-rw-r-- 0/0              15 Dec 30 14:42 1992 sys/SMS/ram.h
-rw-rw-r-- 0/0              14 Dec 30 14:42 1992 sys/SMS/rk.h
-rw-rw-r-- 0/0              14 Dec 30 14:42 1992 sys/SMS/rx.h
-rw-rw-r-- 0/0              14 Dec 30 14:42 1992 sys/SMS/sl.h
-rw-rw-r-- 0/0              15 Dec 30 14:42 1992 sys/SMS/sri.h
-rw-rw-r-- 0/0              14 Dec 30 14:42 1992 sys/SMS/tb.h
-rw-rw-r-- 0/0              14 Dec 30 14:42 1992 sys/SMS/ts.h
-rw-rw-r-- 0/0              32 Dec 30 14:42 1992 sys/SMS/tms.h
-rw-rw-r-- 0/0              14 Dec 30 14:42 1992 sys/SMS/vv.h
-rw-rw-r-- 0/0              15 Dec 30 14:42 1992 sys/SMS/acc.h
-rw-rw-r-- 0/0              14 Dec 30 14:42 1992 sys/SMS/hk.h
-rw-rw-r-- 0/0              48 Dec 30 14:42 1992 sys/SMS/ra.h
-rw-rw-r-- 0/0              14 Dec 30 14:42 1992 sys/SMS/rl.h
-rw-rw-r-- 0/0              14 Dec 30 14:42 1992 sys/SMS/br.h
-rw-rw-r-- 0/0              14 Dec 30 14:42 1992 sys/SMS/si.h
-rw-rw-r-- 0/0              31 Dec 30 14:42 1992 sys/SMS/tm.h
-rw-rw-r-- 0/0              30 Jul 22 13:49 1995 sys/SMS/xp.h
-rw-rw-r-- 0/0            6947 May 22 04:43 1995 sys/SMS/Makefile
-rw-rw-r-- 0/0            2578 Oct 14 13:49 1992 sys/SMS/Make.net
-rw-rw-r-- 0/0            2590 May 22 10:31 1995 sys/SMS/Make.pdp
-rw-rw-r-- 0/0             822 Jul  4 17:02 1988 sys/SMS/Make.pdpmba
-rw-rw-r-- 0/0            1473 May 22 10:45 1995 sys/SMS/Make.pdpnet
-rw-rw-r-- 0/0            1152 Dec 23 11:16 1991 sys/SMS/Make.pdpuba
-rw-rw-r-- 0/0            2568 Apr 14 14:50 1995 sys/SMS/Make.sys
-rw-rw-r-- 0/0             334 Dec 30 14:42 1992 sys/SMS/localopts.h
-rw-r----- 0/0              18 Feb 15 16:26 1995 sys/SMS/ingres.h
-rw-rw-r-- 0/0               4 Oct 29 14:19 1995 sys/SMS/version
-rw-rw-r-- 0/0             122 Oct 29 14:19 1995 sys/SMS/vers.c
drwxr-xr-x 0/10              0 Jan  7 04:59 1989 sys/vaxdist/
-r--r--r-- 0/10            481 Aug  7 04:07 1987 sys/vaxdist/buildmini
-r--r--r-- 0/10           3023 Aug  7 04:07 1987 sys/vaxdist/get
-r--r--r-- 0/10            881 Aug  7 04:07 1987 sys/vaxdist/README
-r--r--r-- 0/10           9168 Aug  7 04:07 1987 sys/vaxdist/MAKEDEV
-r--r--r-- 0/10           3156 Aug  7 04:07 1987 sys/vaxdist/maketape
-r--r--r-- 0/10          14677 Aug  7 04:07 1987 sys/vaxdist/disktab
-r--r--r-- 0/10            142 Aug  7 04:07 1987 sys/vaxdist/group
-r--r--r-- 0/10             63 Aug  7 04:07 1987 sys/vaxdist/fstab.hp
-r--r--r-- 0/10             63 Aug  7 04:07 1987 sys/vaxdist/fstab.ra60
-r--r--r-- 0/10             63 Aug  7 04:07 1987 sys/vaxdist/fstab.ra80
-r--r--r-- 0/10             63 Aug  7 04:07 1987 sys/vaxdist/fstab.ra81
-r--r--r-- 0/10             63 Aug  7 04:07 1987 sys/vaxdist/fstab.rb80
-r--r--r-- 0/10            111 Aug  7 04:07 1987 sys/vaxdist/fstab.rk07
-r--r--r-- 0/10             41 Aug  7 04:07 1987 sys/vaxdist/fstab.rm03
-r--r--r-- 0/10             63 Aug  7 04:07 1987 sys/vaxdist/fstab.rm05
-r--r--r-- 0/10             41 Aug  7 04:07 1987 sys/vaxdist/fstab.rm80
-r--r--r-- 0/10            740 Aug  7 04:07 1987 sys/vaxdist/MAKEHOSTS
-r--r--r-- 0/10             41 Aug  7 04:07 1987 sys/vaxdist/fstab.rp06
-r--r--r-- 0/10             63 Aug  7 04:07 1987 sys/vaxdist/fstab.rp07
-r--r--r-- 0/10             63 Aug  7 04:07 1987 sys/vaxdist/fstab.up
-r--r--r-- 0/10             41 Aug  7 04:07 1987 sys/vaxdist/fstab.up160m
-r--r--r-- 0/10             63 Aug  7 04:07 1987 sys/vaxdist/fstab.up300m
-r--r--r-- 0/10             79 Aug  7 04:07 1987 sys/vaxdist/motd
-r--r--r-- 0/10           2064 Aug  7 04:07 1987 sys/vaxdist/passwd
-rw-r--r-- 3/10           2780 Jan  7 04:58 1989 sys/vaxdist/rc
-r--r--r-- 0/10             77 Aug  7 04:07 1987 sys/vaxdist/printcap
-rw-r--r-- 3/10            442 Jan  7 04:58 1989 sys/vaxdist/rc.local
drwxr-xr-x 0/10              0 Aug  7 04:07 1987 sys/vaxdist/tp/
-r--r--r-- 0/10          23936 Aug  7 04:07 1987 sys/vaxdist/tp/copy
-r--r--r-- 0/10          25124 Aug  7 04:07 1987 sys/vaxdist/tp/boot
-r--r--r-- 0/10          20776 Aug  7 04:07 1987 sys/vaxdist/tp/format
-r--r--r-- 0/10           1142 Aug  7 04:07 1987 sys/vaxdist/ttys
-r--r--r-- 0/10           1525 Aug  7 04:07 1987 sys/vaxdist/services
-r--r--r-- 0/10             63 Aug  7 04:07 1987 sys/vaxdist/fstab.hp400m
-r--r--r-- 0/10            141 Aug  7 04:07 1987 sys/vaxdist/shells
-r--r--r-- 0/10           1363 Aug  7 04:07 1987 sys/vaxdist/tape3
-r--r--r-- 0/10            990 Aug  7 04:07 1987 sys/vaxdist/inetd.conf
-r--r--r-- 0/10            254 Aug  7 04:07 1987 sys/vaxdist/syslog.conf
-r--r--r-- 0/10           3188 Aug  7 04:07 1987 sys/vaxdist/maketape2
-r--r--r-- 3/10            332 Jan  7 04:59 1989 sys/vaxdist/netstart
drwxrwxr-x 0/0               0 Oct 31 17:04 1995 sys/GENERIC/
-rw-rw-r-- 0/0             866 Jan 23 13:21 1994 sys/GENERIC/SPLFIX
-rw-rw-r-- 0/0             286 Dec 31 05:26 1992 sys/GENERIC/boot.s
-rw-rw-r-- 0/0             457 Dec 31 05:26 1992 sys/GENERIC/ioconf.c
-rw-rw-r-- 0/0            3457 Mar 12 14:02 1993 sys/GENERIC/param.c
-rw-rw-r-- 0/0              16 Dec 31 05:26 1992 sys/GENERIC/loop.h
-rw-rw-r-- 0/0              15 Dec 31 05:26 1992 sys/GENERIC/css.h
-rw-rw-r-- 0/0              14 Dec 31 05:26 1992 sys/GENERIC/de.h
-rw-rw-r-- 0/0              28 Jan  4 09:39 1993 sys/GENERIC/dh.h
-rw-rw-r-- 0/0              14 Dec 31 05:26 1992 sys/GENERIC/dn.h
-rw-rw-r-- 0/0              15 Jan  4 09:39 1993 sys/GENERIC/dhu.h
-rw-rw-r-- 0/0              15 Dec 31 05:26 1992 sys/GENERIC/dhv.h
-rw-rw-r-- 0/0              15 Dec 31 05:26 1992 sys/GENERIC/dmc.h
-rw-rw-r-- 0/0              14 Dec 31 05:26 1992 sys/GENERIC/dr.h
-rw-rw-r-- 0/0              14 Dec 31 05:26 1992 sys/GENERIC/dz.h
-rw-rw-r-- 0/0              14 Dec 31 05:26 1992 sys/GENERIC/ec.h
-rw-rw-r-- 0/0              14 Dec 31 05:26 1992 sys/GENERIC/en.h
-rw-rw-r-- 0/0              17 Dec 31 05:26 1992 sys/GENERIC/ether.h
-rw-rw-r-- 0/0              14 Dec 31 05:26 1992 sys/GENERIC/ht.h
-rw-rw-r-- 0/0              14 Dec 31 05:26 1992 sys/GENERIC/hy.h
-rw-rw-r-- 0/0              14 Dec 31 05:26 1992 sys/GENERIC/il.h
-rw-rw-r-- 0/0              15 Dec 31 05:26 1992 sys/GENERIC/imp.h
-rw-rw-r-- 0/0              14 Dec 31 05:26 1992 sys/GENERIC/cn.h
-rw-rw-r-- 0/0              36 Dec 31 05:26 1992 sys/GENERIC/lp.h
-rw-rw-r-- 0/0              15 Dec 31 05:26 1992 sys/GENERIC/pty.h
-rw-rw-r-- 0/0              14 Dec 31 05:26 1992 sys/GENERIC/qe.h
-rw-rw-r-- 0/0              14 Dec 31 05:26 1992 sys/GENERIC/qt.h
-rw-rw-r-- 0/0              15 Dec 31 05:26 1992 sys/GENERIC/ram.h
-rw-rw-r-- 0/0              14 Dec 31 05:26 1992 sys/GENERIC/rk.h
-rw-rw-r-- 0/0              14 Apr 14 16:19 1995 sys/GENERIC/rx.h
-rw-rw-r-- 0/0              14 Dec 31 05:26 1992 sys/GENERIC/sl.h
-rw-rw-r-- 0/0              15 Dec 31 05:26 1992 sys/GENERIC/sri.h
-rw-rw-r-- 0/0              14 Dec 31 05:26 1992 sys/GENERIC/tb.h
-rw-rw-r-- 0/0              14 Dec 31 05:26 1992 sys/GENERIC/ts.h
-rw-rw-r-- 0/0              32 Dec 31 05:26 1992 sys/GENERIC/tms.h
-rw-rw-r-- 0/0              14 Dec 31 05:26 1992 sys/GENERIC/vv.h
-rw-rw-r-- 0/0              15 Dec 31 05:26 1992 sys/GENERIC/acc.h
-rw-rw-r-- 0/0              14 Dec 31 05:27 1992 sys/GENERIC/hk.h
-rw-rw-r-- 0/0              54 May 12 15:00 1995 sys/GENERIC/ra.h
-rw-rw-r-- 0/0              14 Dec 31 05:27 1992 sys/GENERIC/rl.h
-rw-rw-r-- 0/0              14 Apr 14 16:20 1995 sys/GENERIC/br.h
-rw-rw-r-- 0/0              14 Apr 14 16:19 1995 sys/GENERIC/si.h
-rw-rw-r-- 0/0              31 Dec 31 05:27 1992 sys/GENERIC/tm.h
-rw-rw-r-- 0/0              30 Jul 22 14:10 1995 sys/GENERIC/xp.h
-rw-rw-r-- 0/0            4392 Jun 17 12:46 1995 sys/GENERIC/Makefile
-rw-rw-r-- 0/0            2568 Apr 14 14:50 1995 sys/GENERIC/Make.sys
-rw-rw-r-- 0/0            1152 Dec 31 05:27 1992 sys/GENERIC/Make.pdpuba
-rw-rw-r-- 0/0            2590 May 22 10:31 1995 sys/GENERIC/Make.pdp
-rw-rw-r-- 0/0             822 Dec 31 05:27 1992 sys/GENERIC/Make.pdpmba
-rw-rw-r-- 0/0             334 Dec 31 05:27 1992 sys/GENERIC/localopts.h
-rw-r----- 0/0              18 Feb 15 16:21 1995 sys/GENERIC/ingres.h
-rw-rw-r-- 0/0               3 Oct 29 18:10 1995 sys/GENERIC/version
-rw-rw-r-- 0/0             125 Oct 29 18:10 1995 sys/GENERIC/vers.c
drwxr-xr-x 0/10              0 Oct 29 08:09 1988 sys/vaxif/
-r--r--r-- 0/10          23565 Jun  6 10:03 1986 sys/vaxif/if_dmc.c
-rw-r----- 0/10           9668 Feb 18 04:50 1988 sys/vaxif/if_acc.c
-r--r--r-- 0/10           1709 Jun  5 18:34 1986 sys/vaxif/if_accreg.h
-rw-r----- 0/10          11603 Feb 17 06:05 1988 sys/vaxif/if_css.c
-r--r--r-- 0/10           2165 Jun  5 18:34 1986 sys/vaxif/if_cssreg.h
-r--r--r-- 0/10          23489 Jun  6 10:04 1986 sys/vaxif/if_ec.c
-r--r--r-- 0/10           2758 Jun  5 18:35 1986 sys/vaxif/if_dmc.h
-rw-r----- 0/10           9232 Jun  6 18:11 1987 sys/vaxif/if_uba.c
-r--r--r-- 0/10          19630 Jun  6 10:09 1986 sys/vaxif/if_il.c
-r--r--r-- 0/10           9335 Jun  5 18:36 1986 sys/vaxif/if_hy.h
-r--r--r-- 0/10           1264 Jun  5 18:35 1986 sys/vaxif/if_enreg.h
lrwxr-x--x 0/10              0 Oct 31 15:53 1995 sys/vaxif/tags -> ../sys/tags
-r--r--r-- 0/10          46625 Jun  6 10:02 1986 sys/vaxif/if_ddn.c
-r--r--r-- 0/10           1516 Jun  6 10:13 1986 sys/vaxif/raw_hy.c
-r--r--r-- 0/10           4234 Jun  5 18:37 1986 sys/vaxif/if_ilreg.h
-r--r--r-- 0/10           3417 Jun  5 18:38 1986 sys/vaxif/if_uba.h
-r--r--r-- 0/10           2520 Jun  5 18:38 1986 sys/vaxif/if_pclreg.h
-r--r--r-- 0/10          37598 Jun  6 10:08 1986 sys/vaxif/if_hy.c
-rw-r----- 0/10          21894 Aug 23 07:38 1987 sys/vaxif/if_de.c
-r--r--r-- 0/10          17405 Jun  6 10:05 1986 sys/vaxif/if_en.c
-r--r--r-- 0/10           6616 Jun  5 18:37 1986 sys/vaxif/if_hyreg.h
-r--r--r-- 0/10           1684 Jun  5 18:37 1986 sys/vaxif/if_il.h
-r--r--r-- 0/10           3834 Jun  5 18:38 1986 sys/vaxif/if_vv.h
-r--r--r-- 0/10           6819 Jun  5 18:35 1986 sys/vaxif/if_dereg.h
-r--r--r-- 0/10           2425 Jun  5 18:37 1986 sys/vaxif/if_ix.h
-r--r--r-- 0/10           2146 Jun  5 18:35 1986 sys/vaxif/if_ecreg.h
-r--r--r-- 0/10          10161 Jun  5 18:36 1986 sys/vaxif/if_exreg.h
-r--r--r-- 0/10           4363 Jun  5 18:34 1986 sys/vaxif/if_ddnreg.h
-r--r--r-- 0/10          24908 Jun  3 08:57 1987 sys/vaxif/if_ex.c
-rw-r----- 0/10          15707 Feb 17 06:07 1988 sys/vaxif/if_hdh.c
-r--r--r-- 0/10           4164 Jun  5 18:34 1986 sys/vaxif/if_ddnvar.h
-r--r--r-- 0/10          12332 Jun  6 10:10 1986 sys/vaxif/if_pcl.c
-r--r--r-- 0/10            788 Jun  5 18:35 1986 sys/vaxif/if_en.h
-r--r--r-- 0/10           3848 Jun  5 18:36 1986 sys/vaxif/if_hdhreg.h
-r--r--r-- 0/10          26304 Jun  6 10:12 1986 sys/vaxif/if_vv.c
-r--r--r-- 0/10          28122 Jun  6 10:10 1986 sys/vaxif/if_qe.c
-r--r--r-- 0/10           5216 Jun  5 18:38 1986 sys/vaxif/if_qereg.h
drwxr-xr-x 0/0               0 Feb 21 14:47 1995 sys/QT/
-rw-rw-r-- 0/0             803 Jan 23 13:18 1994 sys/QT/NETSPLFIX
-rw-rw-r-- 0/0             576 Jan 23 13:19 1994 sys/QT/SPLFIX
-rw-r----- 0/0            4521 Dec 30 14:41 1992 sys/QT/boot.s
-rw-r----- 0/0             459 Jul 16 15:55 1995 sys/QT/ioconf.c
-rw-r----- 0/0            3459 Mar 12 14:03 1993 sys/QT/param.c
-rw-r----- 0/0              16 Dec 30 14:41 1992 sys/QT/loop.h
-rw-r----- 0/0              15 Dec 30 14:41 1992 sys/QT/css.h
-rw-r----- 0/0              14 Dec 30 14:41 1992 sys/QT/de.h
-rw-r----- 0/0              28 Dec 30 14:41 1992 sys/QT/dh.h
-rw-r----- 0/0              14 Dec 30 14:41 1992 sys/QT/dn.h
-rw-r----- 0/0              15 Dec 30 14:41 1992 sys/QT/dhu.h
-rw-r----- 0/0              15 Jul 15 14:16 1994 sys/QT/dhv.h
-rw-r----- 0/0              15 Dec 30 14:41 1992 sys/QT/dmc.h
-rw-r----- 0/0              14 Dec 30 14:41 1992 sys/QT/dr.h
-rw-r----- 0/0              14 Dec 30 14:41 1992 sys/QT/dz.h
-rw-r----- 0/0              14 Dec 30 14:41 1992 sys/QT/ec.h
-rw-r----- 0/0              14 Dec 30 14:42 1992 sys/QT/en.h
-rw-r----- 0/0              17 Dec 30 14:42 1992 sys/QT/ether.h
-rw-r----- 0/0              14 Dec 30 14:42 1992 sys/QT/ht.h
-rw-r----- 0/0              14 Dec 30 14:42 1992 sys/QT/hy.h
-rw-r----- 0/0              14 Dec 30 14:42 1992 sys/QT/il.h
-rw-r----- 0/0              15 Dec 30 14:42 1992 sys/QT/imp.h
-rw-r----- 0/0              14 Aug 19 15:00 1993 sys/QT/cn.h
-rw-r----- 0/0              36 Dec 30 14:42 1992 sys/QT/lp.h
-rw-r----- 0/0              16 Dec 30 14:42 1992 sys/QT/pty.h
-rw-r----- 0/0              14 Jun  8 11:39 1993 sys/QT/qe.h
-rw-r----- 0/0              14 Jun  8 11:39 1993 sys/QT/qt.h
-rw-r----- 0/0              15 Dec 30 14:42 1992 sys/QT/ram.h
-rw-r----- 0/0              14 Dec 30 14:42 1992 sys/QT/rk.h
-rw-r----- 0/0              14 Dec 30 14:42 1992 sys/QT/rx.h
-rw-r----- 0/0              14 Dec 30 14:42 1992 sys/QT/sl.h
-rw-r----- 0/0              15 Dec 30 14:42 1992 sys/QT/sri.h
-rw-r----- 0/0              14 Dec 30 14:42 1992 sys/QT/tb.h
-rw-r----- 0/0              14 Jun  8 11:52 1993 sys/QT/ts.h
-rw-r----- 0/0              32 Jun  8 11:52 1993 sys/QT/tms.h
-rw-r----- 0/0              14 Dec 30 14:42 1992 sys/QT/vv.h
-rw-r----- 0/0              15 Dec 30 14:42 1992 sys/QT/acc.h
-rw-r----- 0/0              14 Dec 30 14:42 1992 sys/QT/hk.h
-rw-r----- 0/0              48 Jun  8 11:52 1993 sys/QT/ra.h
-rw-r----- 0/0              14 Dec 30 14:42 1992 sys/QT/rl.h
-rw-r----- 0/0              14 Dec 30 14:42 1992 sys/QT/br.h
-rw-r----- 0/0              14 Dec 30 14:42 1992 sys/QT/si.h
-rw-r----- 0/0              31 Dec 30 14:42 1992 sys/QT/tm.h
-rw-r----- 0/0              30 Jul 22 13:49 1995 sys/QT/xp.h
-rw-r----- 0/0            6947 Jun 30 16:25 1995 sys/QT/Makefile
-rw-rw-r-- 0/0            2568 Apr 14 14:50 1995 sys/QT/Make.sys
-rw-rw-r-- 0/0            2578 Oct 14 13:49 1992 sys/QT/Make.net
-rw-rw-r-- 0/0            2590 May 22 10:31 1995 sys/QT/Make.pdp
-rw-rw-r-- 0/0             822 Jul  4 17:02 1988 sys/QT/Make.pdpmba
-rw-rw-r-- 0/0            1473 May 22 10:45 1995 sys/QT/Make.pdpnet
-rw-rw-r-- 0/0            1152 Dec 23 11:16 1991 sys/QT/Make.pdpuba
-rw-r----- 0/0             334 Dec 30 14:42 1992 sys/QT/localopts.h
-rw-r----- 0/0              18 May 18 13:22 1995 sys/QT/ingres.h
-rw-r----- 0/0               3 Jul 15 15:24 1994 sys/QT/version
-rw-r----- 0/0             225 Jul 15 15:24 1994 sys/QT/vers.c
drwxrwxr-x 0/20              0 Jun 30 11:12 1995 sys/LONEX.ra/
-rw-r----- 0/20            866 Feb  6 14:45 1994 sys/LONEX.ra/NETSPLFIX
-rw-r----- 0/20            596 Feb  6 14:45 1994 sys/LONEX.ra/SPLFIX
-rw-rw-r-- 0/20           4521 Dec 11 08:21 1993 sys/LONEX.ra/boot.s
-rw-rw-r-- 0/20            460 Dec 11 08:21 1993 sys/LONEX.ra/ioconf.c
-rw-rw-r-- 0/20           3458 Dec 19 07:25 1993 sys/LONEX.ra/param.c
-rw-rw-r-- 0/20             16 Dec 11 08:21 1993 sys/LONEX.ra/loop.h
-rw-rw-r-- 0/20             15 Dec 11 08:21 1993 sys/LONEX.ra/css.h
-rw-rw-r-- 0/20             14 Dec 11 08:21 1993 sys/LONEX.ra/de.h
-rw-rw-r-- 0/20             28 Dec 11 08:21 1993 sys/LONEX.ra/dh.h
-rw-rw-r-- 0/20             14 Dec 11 08:21 1993 sys/LONEX.ra/dn.h
-rw-rw-r-- 0/20             15 Dec 11 08:21 1993 sys/LONEX.ra/dhu.h
-rw-rw-r-- 0/20             15 Dec 11 08:21 1993 sys/LONEX.ra/dhv.h
-rw-rw-r-- 0/20             15 Dec 11 08:21 1993 sys/LONEX.ra/dmc.h
-rw-rw-r-- 0/20             14 Dec 11 08:21 1993 sys/LONEX.ra/dr.h
-rw-rw-r-- 0/20             14 Dec 11 08:21 1993 sys/LONEX.ra/dz.h
-rw-rw-r-- 0/20             14 Dec 11 08:21 1993 sys/LONEX.ra/ec.h
-rw-rw-r-- 0/20             14 Dec 11 08:21 1993 sys/LONEX.ra/en.h
-rw-rw-r-- 0/20             17 Dec 11 08:21 1993 sys/LONEX.ra/ether.h
-rw-rw-r-- 0/20             14 Dec 11 08:21 1993 sys/LONEX.ra/ht.h
-rw-rw-r-- 0/20             14 Dec 11 08:21 1993 sys/LONEX.ra/hy.h
-rw-rw-r-- 0/20             14 Dec 11 08:21 1993 sys/LONEX.ra/il.h
-rw-rw-r-- 0/20             15 Dec 11 08:21 1993 sys/LONEX.ra/imp.h
-rw-rw-r-- 0/20             14 Dec 11 08:21 1993 sys/LONEX.ra/cn.h
-rw-rw-r-- 0/20             36 Dec 11 08:21 1993 sys/LONEX.ra/lp.h
-rw-rw-r-- 0/20             15 Dec 11 08:21 1993 sys/LONEX.ra/pty.h
-rw-rw-r-- 0/20             14 Dec 11 08:21 1993 sys/LONEX.ra/qe.h
-rw-rw-r-- 0/20             14 Dec 11 08:21 1993 sys/LONEX.ra/qt.h
-rw-rw-r-- 0/20             15 Dec 11 08:21 1993 sys/LONEX.ra/ram.h
-rw-rw-r-- 0/20             14 Dec 11 08:21 1993 sys/LONEX.ra/rk.h
-rw-rw-r-- 0/20             14 Dec 11 08:21 1993 sys/LONEX.ra/rx.h
-rw-rw-r-- 0/20             14 Dec 11 08:21 1993 sys/LONEX.ra/sl.h
-rw-rw-r-- 0/20             15 Dec 11 08:21 1993 sys/LONEX.ra/sri.h
-rw-rw-r-- 0/20             14 Dec 11 08:21 1993 sys/LONEX.ra/tb.h
-rw-rw-r-- 0/20             14 Dec 11 08:21 1993 sys/LONEX.ra/ts.h
-rw-rw-r-- 0/20             32 Dec 11 08:21 1993 sys/LONEX.ra/tms.h
-rw-rw-r-- 0/20             14 Dec 11 08:21 1993 sys/LONEX.ra/vv.h
-rw-rw-r-- 0/20             15 Dec 11 08:21 1993 sys/LONEX.ra/acc.h
-rw-rw-r-- 0/20             14 Dec 11 08:21 1993 sys/LONEX.ra/hk.h
-rw-rw-r-- 0/20             48 Dec 11 08:21 1993 sys/LONEX.ra/ra.h
-rw-rw-r-- 0/20             14 Dec 11 08:21 1993 sys/LONEX.ra/rl.h
-rw-rw-r-- 0/20             14 Dec 18 18:43 1993 sys/LONEX.ra/br.h
-rw-rw-r-- 0/20             14 Dec 11 08:22 1993 sys/LONEX.ra/si.h
-rw-rw-r-- 0/20             31 Dec 11 08:22 1993 sys/LONEX.ra/tm.h
-rw-rw-r-- 0/20             30 Jul 22 13:49 1995 sys/LONEX.ra/xp.h
-rw-rw-r-- 0/20           6927 Jun 29 01:26 1995 sys/LONEX.ra/Makefile
-rw-r----- 0/20           2568 Jun 27 12:43 1995 sys/LONEX.ra/Make.sys
-rw-rw-r-- 0/20           2578 Dec 11 08:22 1993 sys/LONEX.ra/Make.net
-rw-r----- 0/20           1473 Jun 27 12:43 1995 sys/LONEX.ra/Make.pdpnet
-rw-rw-r-- 0/20           1152 Dec 11 08:22 1993 sys/LONEX.ra/Make.pdpuba
-rw-r----- 0/20           2590 Jun 27 12:43 1995 sys/LONEX.ra/Make.pdp
-rw-rw-r-- 0/20            822 Dec 11 08:22 1993 sys/LONEX.ra/Make.pdpmba
-rw-rw-r-- 0/20            334 Dec 11 08:22 1993 sys/LONEX.ra/localopts.h
-rw-r----- 0/20              3 Jun 29 13:02 1995 sys/LONEX.ra/version
-rw-r----- 0/20            130 Jun 29 13:02 1995 sys/LONEX.ra/vers.c
-rw-r--r-- 0/20             18 Mar 18 15:20 1995 sys/LONEX.ra/ingres.h
drwxr-xr-x 0/10              0 Jul 13 12:54 1995 include/
drwxr-xr-x 0/10              0 May 27 17:39 1990 include/pascal/
-r--r--r-- 0/10            335 Feb  9 08:35 1987 include/pascal/unixio.h
-r--r--r-- 0/10           1038 Feb  9 08:35 1987 include/pascal/unixio.i
drwxr-xr-x 0/10              0 May 27 17:39 1990 include/protocols/
-r--r--r-- 0/10            958 May 11 02:30 1990 include/protocols/dumprestor.h
-r--r--r-- 0/10           1837 Jun 21 07:31 1987 include/protocols/routed.h
-r--r--r-- 0/10            965 Aug 27 00:51 1987 include/protocols/rwhod.h
-r--r--r-- 0/10           3171 Jan  6 16:49 1989 include/protocols/talkd.h
-r--r--r-- 0/10           2304 Jun 21 07:31 1987 include/protocols/timed.h
drwxr-xr-x 0/10              0 Feb  9 15:04 1994 include/arpa/
-r--r--r-- 0/10           2597 Feb 22 16:30 1989 include/arpa/ftp.h
-r--r--r-- 0/10           1093 Jan  1 16:58 1994 include/arpa/inet.h
-r--r--r-- 0/10           7859 Jan 11 16:35 1994 include/arpa/nameser.h
-r--r--r-- 0/10           4366 Mar  3 15:52 1989 include/arpa/telnet.h
-r--r--r-- 0/10           1903 Oct  1 05:25 1988 include/arpa/tftp.h
-r--r--r-- 3/10           2974 Oct 22 14:08 1993 include/Makefile
-r--r--r-- 0/10           1516 Jan  7 15:06 1994 include/a.out.h
-r--r--r-- 0/10           2588 Sep 25 14:05 1993 include/ar.h
-r--r--r-- 0/10            256 Dec 15 12:11 1986 include/assert.h
-r--r--r-- 0/10            782 Dec 15 12:11 1986 include/ctype.h
-r--r--r-- 0/10           5131 Dec 15 12:11 1986 include/curses.h
-r--r--r-- 0/10            616 Oct 13 12:57 1988 include/dbm.h
drwxr-xr-x 0/10              0 Oct 23 13:42 1993 include/OLD/
-r--r--r-- 0/10            813 Dec 15 12:11 1986 include/OLD/dk.h
-rw-r--r-- 0/10           1190 Jan  3 21:02 1993 include/OLD/psout.h
-r--r--r-- 0/10           3859 May 17 04:29 1987 include/errno.h
-r--r--r-- 0/10           1512 Dec 15 12:11 1986 include/fcntl.h
-r--r--r-- 0/10            548 Feb 19 17:51 1987 include/frame.h
-r--r--r-- 0/10           1289 Dec 15 12:11 1986 include/fstab.h
-r--r--r-- 0/10            182 Dec 15 12:11 1986 include/grp.h
-r--r--r-- 0/10            334 Dec 15 12:11 1986 include/lastlog.h
-r--r--r-- 0/10            617 Feb  9 08:35 1987 include/math.h
-r--r--r-- 0/10            422 Feb  9 08:35 1987 include/memory.h
-r--r--r-- 0/10            455 Dec 15 12:11 1986 include/mp.h
-r--r--r-- 0/10            428 Dec 15 12:11 1986 include/mtab.h
-r--r--r-- 0/10           1714 Jan 11 16:36 1994 include/ndbm.h
-r--r--r-- 0/10           2383 Jan 11 16:36 1994 include/netdb.h
-r--r--r-- 0/10           1389 Jan  7 15:11 1994 include/nlist.h
-r--r--r-- 0/10           1190 May 12 14:47 1993 include/paths.h
-r--r--r-- 0/10           6340 Dec 15 12:11 1986 include/pcc.h
-r--r--r-- 0/10           1606 May 15 15:34 1989 include/pwd.h
-r--r--r-- 0/10             74 Dec 15 12:11 1986 include/sgtty.h
-r--r--r-- 0/10           2210 Mar 28 03:55 1993 include/ranlib.h
-rw-r--r-- 0/10            574 Oct 16 14:49 1988 include/regexp.h
-r--r--r-- 0/10           1773 Sep 17 15:56 1988 include/resolv.h
-rw-r--r-- 0/10           2108 Oct 22 12:57 1993 include/vmf.h
-r--r--r-- 0/10             54 Jan  1 18:25 1994 include/setjmp.h
-r--r--r-- 0/10           4598 May 17 04:29 1987 include/signal.h
-r--r--r-- 0/10           1853 Dec 15 12:11 1986 include/stab.h
-r--r--r-- 0/10           1616 Oct  8 04:07 1988 include/stdio.h
-r--r--r-- 0/10            608 Feb  9 08:35 1987 include/string.h
-r--r--r-- 0/10           1316 May 15 15:34 1989 include/strings.h
-r--r--r-- 0/10            296 Feb  9 08:35 1987 include/struct.h
-r--r--r-- 0/10           3965 Apr 22 14:08 1994 include/syscall.h
-r--r--r-- 0/10           4258 Sep 17 15:51 1988 include/sysexits.h
-r--r--r-- 0/10           2403 May 17 04:29 1987 include/syslog.h
-r--r--r-- 0/10            563 Mar 31 11:57 1987 include/time.h
-r--r--r-- 0/10            789 Dec 15 12:12 1986 include/ttyent.h
-r--r--r-- 0/10           2591 Mar 31 11:57 1987 include/tzfile.h
-r--r--r-- 0/10           1115 May 10 09:24 1993 include/utmp.h
-r--r--r-- 0/10            219 Dec 15 12:12 1986 include/varargs.h
-r--r--r-- 0/10            546 Feb  9 08:35 1987 include/vfont.h
-r--r--r-- 3/10           1567 Jan  7 03:40 1989 include/Makefile.install
